con-ron	Set up job	﻿2026-10-05T11:07:32.4166081Z Current runner version: '2.337.0'
con-ron	Set up job	2026-10-05T11:07:32.4205433Z ##[group]Runner Image Provisioner
con-ron	Set up job	2026-10-05T11:07:32.4207606Z Hosted Compute Agent
con-ron	Set up job	2026-10-05T11:07:32.4208642Z Version: 20260901.588
con-ron	Set up job	2026-10-05T11:07:32.4209936Z Commit: f88ec8081b781fac6c440065ac7ff9e710ce3d0b
con-ron	Set up job	2026-10-05T11:07:32.4211273Z Build Date: 2026-09-01T19:56:44Z
con-ron	Set up job	2026-10-05T11:07:32.4212540Z Worker ID: {b4d28dbd-39db-4212-b2a6-db2833e892f6}
con-ron	Set up job	2026-10-05T11:07:32.4214117Z Azure Region: eastus
con-ron	Set up job	2026-10-05T11:07:32.4215132Z ##[endgroup]
con-ron	Set up job	2026-10-05T11:07:32.4218120Z ##[group]Operating System
con-ron	Set up job	2026-10-05T11:07:32.4219314Z Ubuntu
con-ron	Set up job	2026-10-05T11:07:32.4220400Z 24.04.5
con-ron	Set up job	2026-10-05T11:07:32.4221378Z LTS
con-ron	Set up job	2026-10-05T11:07:32.4222287Z ##[endgroup]
con-ron	Set up job	2026-10-05T11:07:32.4223938Z ##[group]Runner Image
con-ron	Set up job	2026-10-05T11:07:32.4224987Z Image: ubuntu-24.04
con-ron	Set up job	2026-10-05T11:07:32.4226016Z Version: 20260927.320.1
con-ron	Set up job	2026-10-05T11:07:32.4228265Z Included Software: https://github.com/actions/runner-images/blob/ubuntu24/20260927.320/images/ubuntu/Ubuntu2404-Readme.md
con-ron	Set up job	2026-10-05T11:07:32.4231378Z Image Release: https://github.com/actions/runner-images/releases/tag/ubuntu24%2F20260927.320
con-ron	Set up job	2026-10-05T11:07:32.4233109Z ##[endgroup]
con-ron	Set up job	2026-10-05T11:07:32.4235213Z ##[group]GITHUB_TOKEN Permissions
con-ron	Set up job	2026-10-05T11:07:32.4238626Z Contents: read
con-ron	Set up job	2026-10-05T11:07:32.4239684Z Metadata: read
con-ron	Set up job	2026-10-05T11:07:32.4240603Z ##[endgroup]
con-ron	Set up job	2026-10-05T11:07:32.4243726Z Secret source: Actions
con-ron	Set up job	2026-10-05T11:07:32.4245304Z Cache mode: write
con-ron	Set up job	2026-10-05T11:07:32.4247195Z Prepare workflow directory
con-ron	Set up job	2026-10-05T11:07:32.4742716Z Prepare all required actions
con-ron	Set up job	2026-10-05T11:07:32.4817612Z Getting action download info
con-ron	Set up job	2026-10-05T11:07:32.6901881Z Download action repository 'actions/checkout@11d5960a326750d5838078e36cf38b85af677262' (SHA:11d5960a326750d5838078e36cf38b85af677262)
con-ron	Set up job	2026-10-05T11:07:32.7935719Z Download action repository 'actions/upload-artifact@ea165f8d65b6e75b540449e92b4886f43607fa02' (SHA:ea165f8d65b6e75b540449e92b4886f43607fa02)
con-ron	Set up job	2026-10-05T11:07:33.0105252Z Complete job name: con-ron
con-ron	Run actions/checkout@11d5960a326750d5838078e36cf38b85af677262	﻿2026-10-05T11:07:33.0918104Z ##[group]Run actions/checkout@11d5960a326750d5838078e36cf38b85af677262
con-ron	Run actions/checkout@11d5960a326750d5838078e36cf38b85af677262	2026-10-05T11:07:33.0919309Z with:
con-ron	Run actions/checkout@11d5960a326750d5838078e36cf38b85af677262	2026-10-05T11:07:33.0919939Z   repository: yuhaolei-ctrl/Sharp-Beckner-Onofri-inequalities-Lean
con-ron	Run actions/checkout@11d5960a326750d5838078e36cf38b85af677262	2026-10-05T11:07:33.0923923Z   token: ***
con-ron	Run actions/checkout@11d5960a326750d5838078e36cf38b85af677262	2026-10-05T11:07:33.0924361Z   ssh-strict: true
con-ron	Run actions/checkout@11d5960a326750d5838078e36cf38b85af677262	2026-10-05T11:07:33.0924801Z   ssh-user: git
con-ron	Run actions/checkout@11d5960a326750d5838078e36cf38b85af677262	2026-10-05T11:07:33.0925256Z   persist-credentials: true
con-ron	Run actions/checkout@11d5960a326750d5838078e36cf38b85af677262	2026-10-05T11:07:33.0925758Z   clean: true
con-ron	Run actions/checkout@11d5960a326750d5838078e36cf38b85af677262	2026-10-05T11:07:33.0926205Z   sparse-checkout-cone-mode: true
con-ron	Run actions/checkout@11d5960a326750d5838078e36cf38b85af677262	2026-10-05T11:07:33.0926969Z   fetch-depth: 1
con-ron	Run actions/checkout@11d5960a326750d5838078e36cf38b85af677262	2026-10-05T11:07:33.0927421Z   fetch-tags: false
con-ron	Run actions/checkout@11d5960a326750d5838078e36cf38b85af677262	2026-10-05T11:07:33.0927862Z   show-progress: true
con-ron	Run actions/checkout@11d5960a326750d5838078e36cf38b85af677262	2026-10-05T11:07:33.0928312Z   lfs: false
con-ron	Run actions/checkout@11d5960a326750d5838078e36cf38b85af677262	2026-10-05T11:07:33.0928735Z   submodules: false
con-ron	Run actions/checkout@11d5960a326750d5838078e36cf38b85af677262	2026-10-05T11:07:33.0929197Z   set-safe-directory: true
con-ron	Run actions/checkout@11d5960a326750d5838078e36cf38b85af677262	2026-10-05T11:07:33.0929718Z   allow-unsafe-pr-checkout: false
con-ron	Run actions/checkout@11d5960a326750d5838078e36cf38b85af677262	2026-10-05T11:07:33.0930518Z ##[endgroup]
con-ron	Run actions/checkout@11d5960a326750d5838078e36cf38b85af677262	2026-10-05T11:07:33.1969082Z Syncing repository: yuhaolei-ctrl/Sharp-Beckner-Onofri-inequalities-Lean
con-ron	Run actions/checkout@11d5960a326750d5838078e36cf38b85af677262	2026-10-05T11:07:33.1972328Z ##[group]Getting Git version info
con-ron	Run actions/checkout@11d5960a326750d5838078e36cf38b85af677262	2026-10-05T11:07:33.1973730Z Working directory is '/home/runner/work/Sharp-Beckner-Onofri-inequalities-Lean/Sharp-Beckner-Onofri-inequalities-Lean'
con-ron	Run actions/checkout@11d5960a326750d5838078e36cf38b85af677262	2026-10-05T11:07:33.1975177Z [command]/usr/bin/git version
con-ron	Run actions/checkout@11d5960a326750d5838078e36cf38b85af677262	2026-10-05T11:07:33.2040707Z git version 2.55.0
con-ron	Run actions/checkout@11d5960a326750d5838078e36cf38b85af677262	2026-10-05T11:07:33.2066103Z ##[endgroup]
con-ron	Run actions/checkout@11d5960a326750d5838078e36cf38b85af677262	2026-10-05T11:07:33.2082897Z Temporarily overriding HOME='/home/runner/work/_temp/f505257e-fa82-479a-8488-2c67936de256' before making global git config changes
con-ron	Run actions/checkout@11d5960a326750d5838078e36cf38b85af677262	2026-10-05T11:07:33.2085353Z Adding repository directory to the temporary git global config as a safe directory
con-ron	Run actions/checkout@11d5960a326750d5838078e36cf38b85af677262	2026-10-05T11:07:33.2090917Z [command]/usr/bin/git config --global --add safe.directory /home/runner/work/Sharp-Beckner-Onofri-inequalities-Lean/Sharp-Beckner-Onofri-inequalities-Lean
con-ron	Run actions/checkout@11d5960a326750d5838078e36cf38b85af677262	2026-10-05T11:07:33.2151505Z Deleting the contents of '/home/runner/work/Sharp-Beckner-Onofri-inequalities-Lean/Sharp-Beckner-Onofri-inequalities-Lean'
con-ron	Run actions/checkout@11d5960a326750d5838078e36cf38b85af677262	2026-10-05T11:07:33.2158049Z ##[group]Initializing the repository
con-ron	Run actions/checkout@11d5960a326750d5838078e36cf38b85af677262	2026-10-05T11:07:33.2163820Z [command]/usr/bin/git init /home/runner/work/Sharp-Beckner-Onofri-inequalities-Lean/Sharp-Beckner-Onofri-inequalities-Lean
con-ron	Run actions/checkout@11d5960a326750d5838078e36cf38b85af677262	2026-10-05T11:07:33.2298594Z hint: Using 'master' as the name for the initial branch. This default branch name
con-ron	Run actions/checkout@11d5960a326750d5838078e36cf38b85af677262	2026-10-05T11:07:33.2300082Z hint: will change to "main" in Git 3.0. To configure the initial branch name
con-ron	Run actions/checkout@11d5960a326750d5838078e36cf38b85af677262	2026-10-05T11:07:33.2301058Z hint: to use in all of your new repositories, which will suppress this warning,
con-ron	Run actions/checkout@11d5960a326750d5838078e36cf38b85af677262	2026-10-05T11:07:33.2301813Z hint: call:
con-ron	Run actions/checkout@11d5960a326750d5838078e36cf38b85af677262	2026-10-05T11:07:33.2302274Z hint:
con-ron	Run actions/checkout@11d5960a326750d5838078e36cf38b85af677262	2026-10-05T11:07:33.2302808Z hint: 	git config --global init.defaultBranch <name>
con-ron	Run actions/checkout@11d5960a326750d5838078e36cf38b85af677262	2026-10-05T11:07:33.2303435Z hint:
con-ron	Run actions/checkout@11d5960a326750d5838078e36cf38b85af677262	2026-10-05T11:07:33.2304018Z hint: Names commonly chosen instead of 'master' are 'main', 'trunk' and
con-ron	Run actions/checkout@11d5960a326750d5838078e36cf38b85af677262	2026-10-05T11:07:33.2304983Z hint: 'development'. The just-created branch can be renamed via this command:
con-ron	Run actions/checkout@11d5960a326750d5838078e36cf38b85af677262	2026-10-05T11:07:33.2305741Z hint:
con-ron	Run actions/checkout@11d5960a326750d5838078e36cf38b85af677262	2026-10-05T11:07:33.2306154Z hint: 	git branch -m <name>
con-ron	Run actions/checkout@11d5960a326750d5838078e36cf38b85af677262	2026-10-05T11:07:33.2306642Z hint:
con-ron	Run actions/checkout@11d5960a326750d5838078e36cf38b85af677262	2026-10-05T11:07:33.2308356Z hint: Disable this message with "git config set advice.defaultBranchName false"
con-ron	Run actions/checkout@11d5960a326750d5838078e36cf38b85af677262	2026-10-05T11:07:33.2311574Z Initialized empty Git repository in /home/runner/work/Sharp-Beckner-Onofri-inequalities-Lean/Sharp-Beckner-Onofri-inequalities-Lean/.git/
con-ron	Run actions/checkout@11d5960a326750d5838078e36cf38b85af677262	2026-10-05T11:07:33.2325312Z [command]/usr/bin/git remote add origin https://github.com/yuhaolei-ctrl/Sharp-Beckner-Onofri-inequalities-Lean
con-ron	Run actions/checkout@11d5960a326750d5838078e36cf38b85af677262	2026-10-05T11:07:33.2390793Z ##[endgroup]
con-ron	Run actions/checkout@11d5960a326750d5838078e36cf38b85af677262	2026-10-05T11:07:33.2391736Z ##[group]Disabling automatic garbage collection
con-ron	Run actions/checkout@11d5960a326750d5838078e36cf38b85af677262	2026-10-05T11:07:33.2392438Z [command]/usr/bin/git config --local gc.auto 0
con-ron	Run actions/checkout@11d5960a326750d5838078e36cf38b85af677262	2026-10-05T11:07:33.2423427Z ##[endgroup]
con-ron	Run actions/checkout@11d5960a326750d5838078e36cf38b85af677262	2026-10-05T11:07:33.2424221Z ##[group]Setting up auth
con-ron	Run actions/checkout@11d5960a326750d5838078e36cf38b85af677262	2026-10-05T11:07:33.2432297Z [command]/usr/bin/git config --local --name-only --get-regexp core\.sshCommand
con-ron	Run actions/checkout@11d5960a326750d5838078e36cf38b85af677262	2026-10-05T11:07:33.2467855Z [command]/usr/bin/git submodule foreach --recursive sh -c "git config --local --name-only --get-regexp 'core\.sshCommand' && git config --local --unset-all 'core.sshCommand' || :"
con-ron	Run actions/checkout@11d5960a326750d5838078e36cf38b85af677262	2026-10-05T11:07:33.2861293Z [command]/usr/bin/git config --local --name-only --get-regexp http\.https\:\/\/github\.com\/\.extraheader
con-ron	Run actions/checkout@11d5960a326750d5838078e36cf38b85af677262	2026-10-05T11:07:33.2903017Z [command]/usr/bin/git submodule foreach --recursive sh -c "git config --local --name-only --get-regexp 'http\.https\:\/\/github\.com\/\.extraheader' && git config --local --unset-all 'http.https://github.com/.extraheader' || :"
con-ron	Run actions/checkout@11d5960a326750d5838078e36cf38b85af677262	2026-10-05T11:07:33.3162024Z [command]/usr/bin/git config --local --name-only --get-regexp ^includeIf\.gitdir:
con-ron	Run actions/checkout@11d5960a326750d5838078e36cf38b85af677262	2026-10-05T11:07:33.3198246Z [command]/usr/bin/git submodule foreach --recursive git config --local --show-origin --name-only --get-regexp remote.origin.url
con-ron	Run actions/checkout@11d5960a326750d5838078e36cf38b85af677262	2026-10-05T11:07:33.3424088Z [command]/usr/bin/git config --local http.https://github.com/.extraheader AUTHORIZATION: basic ***
con-ron	Run actions/checkout@11d5960a326750d5838078e36cf38b85af677262	2026-10-05T11:07:33.3466016Z ##[endgroup]
con-ron	Run actions/checkout@11d5960a326750d5838078e36cf38b85af677262	2026-10-05T11:07:33.3467214Z ##[group]Fetching the repository
con-ron	Run actions/checkout@11d5960a326750d5838078e36cf38b85af677262	2026-10-05T11:07:33.3476206Z [command]/usr/bin/git -c protocol.version=2 fetch --no-tags --prune --no-recurse-submodules --depth=1 origin +13a2156511d0f8f4f7dc8c6282baed9554af5986:refs/remotes/origin/main
con-ron	Run actions/checkout@11d5960a326750d5838078e36cf38b85af677262	2026-10-05T11:07:34.5208561Z From https://github.com/yuhaolei-ctrl/Sharp-Beckner-Onofri-inequalities-Lean
con-ron	Run actions/checkout@11d5960a326750d5838078e36cf38b85af677262	2026-10-05T11:07:34.5211936Z  * [new ref]         13a2156511d0f8f4f7dc8c6282baed9554af5986 -> origin/main
con-ron	Run actions/checkout@11d5960a326750d5838078e36cf38b85af677262	2026-10-05T11:07:34.5218008Z ##[endgroup]
con-ron	Run actions/checkout@11d5960a326750d5838078e36cf38b85af677262	2026-10-05T11:07:34.5220239Z ##[group]Determining the checkout info
con-ron	Run actions/checkout@11d5960a326750d5838078e36cf38b85af677262	2026-10-05T11:07:34.5222567Z ##[endgroup]
con-ron	Run actions/checkout@11d5960a326750d5838078e36cf38b85af677262	2026-10-05T11:07:34.5223547Z [command]/usr/bin/git sparse-checkout disable
con-ron	Run actions/checkout@11d5960a326750d5838078e36cf38b85af677262	2026-10-05T11:07:34.5279946Z [command]/usr/bin/git config --local --unset-all extensions.worktreeConfig
con-ron	Run actions/checkout@11d5960a326750d5838078e36cf38b85af677262	2026-10-05T11:07:34.5314918Z ##[group]Checking out the ref
con-ron	Run actions/checkout@11d5960a326750d5838078e36cf38b85af677262	2026-10-05T11:07:34.5319705Z [command]/usr/bin/git checkout --progress --force -B main refs/remotes/origin/main
con-ron	Run actions/checkout@11d5960a326750d5838078e36cf38b85af677262	2026-10-05T11:07:35.1452473Z Switched to a new branch 'main'
con-ron	Run actions/checkout@11d5960a326750d5838078e36cf38b85af677262	2026-10-05T11:07:35.1457618Z branch 'main' set up to track 'origin/main'.
con-ron	Run actions/checkout@11d5960a326750d5838078e36cf38b85af677262	2026-10-05T11:07:35.1492900Z ##[endgroup]
con-ron	Run actions/checkout@11d5960a326750d5838078e36cf38b85af677262	2026-10-05T11:07:35.1543475Z [command]/usr/bin/git log -1 --format=%H
con-ron	Run actions/checkout@11d5960a326750d5838078e36cf38b85af677262	2026-10-05T11:07:35.1571708Z 13a2156511d0f8f4f7dc8c6282baed9554af5986
con-ron	Download and validate the exact certificate	﻿2026-10-05T11:07:35.1807745Z ##[group]Run set -o pipefail
con-ron	Download and validate the exact certificate	2026-10-05T11:07:35.1808225Z ^[[36;1mset -o pipefail^[[0m
con-ron	Download and validate the exact certificate	2026-10-05T11:07:35.1808545Z ^[[36;1mmkdir -p external-check^[[0m
con-ron	Download and validate the exact certificate	2026-10-05T11:07:35.1809193Z ^[[36;1mgh release download "$CERT_RELEASE" --pattern solution.ndjson.gz --pattern certificate-export.json --dir external-check^[[0m
con-ron	Download and validate the exact certificate	2026-10-05T11:07:35.1809983Z ^[[36;1mpython3 scripts/prepare_external_check.py | tee external-check/identity.log^[[0m
con-ron	Download and validate the exact certificate	2026-10-05T11:07:35.1810751Z ^[[36;1mpython3 scripts/audit_export_inventory.py external-check/solution.ndjson > external-check/solution-inventory.json^[[0m
con-ron	Download and validate the exact certificate	2026-10-05T11:07:35.1811559Z ^[[36;1mcmp external-check/solution-inventory.json verification/current/solution-inventory.json^[[0m
con-ron	Download and validate the exact certificate	2026-10-05T11:07:35.2075495Z shell: /usr/bin/bash -e {0}
con-ron	Download and validate the exact certificate	2026-10-05T11:07:35.2075904Z env:
con-ron	Download and validate the exact certificate	2026-10-05T11:07:35.2079525Z   GH_TOKEN: ***
con-ron	Download and validate the exact certificate	2026-10-05T11:07:35.2079964Z   GH_REPO: yuhaolei-ctrl/Sharp-Beckner-Onofri-inequalities-Lean
con-ron	Download and validate the exact certificate	2026-10-05T11:07:35.2080509Z   CERT_RELEASE: certificate-20261005-d561980
con-ron	Download and validate the exact certificate	2026-10-05T11:07:35.2080938Z ##[endgroup]
con-ron	Download and validate the exact certificate	2026-10-05T11:08:05.5784132Z {
con-ron	Download and validate the exact certificate	2026-10-05T11:08:05.5785513Z   "validated_export_sha256": "5c49eb455c7e931ada9e86dc1852612dac7c02f3ddb3430ba6a70133b76aec76",
con-ron	Download and validate the exact certificate	2026-10-05T11:08:05.5786998Z   "source_commit": "d561980e2b10e1c431e1a1656a025bd41e7270dd",
con-ron	Download and validate the exact certificate	2026-10-05T11:08:05.5789503Z   "target_count": 269,
con-ron	Download and validate the exact certificate	2026-10-05T11:08:05.5790873Z   "source_manifest_sha256": "f7f23b1a9a2aeaafbbc61b1fa7e430fe0eb43ab3416413026df975a41fe71ff2"
con-ron	Download and validate the exact certificate	2026-10-05T11:08:05.5791908Z }
con-ron	Build the unmodified Arena-pinned verified checker	﻿2026-10-05T11:08:37.7980173Z ##[group]Run set -o pipefail
con-ron	Build the unmodified Arena-pinned verified checker	2026-10-05T11:08:37.7980563Z ^[[36;1mset -o pipefail^[[0m
con-ron	Build the unmodified Arena-pinned verified checker	2026-10-05T11:08:37.7980939Z ^[[36;1mgit clone https://github.com/leanprover/con-ron .tools/con-ron^[[0m
con-ron	Build the unmodified Arena-pinned verified checker	2026-10-05T11:08:37.7981506Z ^[[36;1mgit -C .tools/con-ron checkout --detach 2e3486617cee878f796d8133c481e239696132fe^[[0m
con-ron	Build the unmodified Arena-pinned verified checker	2026-10-05T11:08:37.7982004Z ^[[36;1mrustup toolchain install 1.90.0 --profile minimal^[[0m
con-ron	Build the unmodified Arena-pinned verified checker	2026-10-05T11:08:37.7982631Z ^[[36;1mcargo +1.90.0 build --release --locked --manifest-path .tools/con-ron/Cargo.toml 2>&1 | tee external-check/build.log^[[0m
con-ron	Build the unmodified Arena-pinned verified checker	2026-10-05T11:08:37.7983268Z ^[[36;1mtest -z "$(git -C .tools/con-ron diff --name-only)"^[[0m
con-ron	Build the unmodified Arena-pinned verified checker	2026-10-05T11:08:37.7983795Z ^[[36;1msha256sum .tools/con-ron/target/release/con-ron > external-check/checker-binary.sha256^[[0m
con-ron	Build the unmodified Arena-pinned verified checker	2026-10-05T11:08:37.7984419Z ^[[36;1m.tools/con-ron/target/release/con-ron --help > external-check/checker-help.txt^[[0m
con-ron	Build the unmodified Arena-pinned verified checker	2026-10-05T11:08:37.7984884Z ^[[36;1mpython3 - <<'PY'^[[0m
con-ron	Build the unmodified Arena-pinned verified checker	2026-10-05T11:08:37.7985118Z ^[[36;1mimport json^[[0m
con-ron	Build the unmodified Arena-pinned verified checker	2026-10-05T11:08:37.7985390Z ^[[36;1mfrom pathlib import Path^[[0m
con-ron	Build the unmodified Arena-pinned verified checker	2026-10-05T11:08:37.7985788Z ^[[36;1mPath('external-check/runtime-settings.json').write_text(json.dumps({^[[0m
con-ron	Build the unmodified Arena-pinned verified checker	2026-10-05T11:08:37.7986293Z ^[[36;1m    'checker_revision': '2e3486617cee878f796d8133c481e239696132fe',^[[0m
con-ron	Build the unmodified Arena-pinned verified checker	2026-10-05T11:08:37.7986687Z ^[[36;1m    'rust_toolchain': '1.90.0',^[[0m
con-ron	Build the unmodified Arena-pinned verified checker	2026-10-05T11:08:37.7987305Z ^[[36;1m    'source_patch': None,^[[0m
con-ron	Build the unmodified Arena-pinned verified checker	2026-10-05T11:08:37.7987577Z ^[[36;1m    'mode': 'verified',^[[0m
con-ron	Build the unmodified Arena-pinned verified checker	2026-10-05T11:08:37.7987839Z ^[[36;1m    'num_threads': 4,^[[0m
con-ron	Build the unmodified Arena-pinned verified checker	2026-10-05T11:08:37.7988166Z ^[[36;1m    'arguments': ['--verified', '--jobs=4', '--progress=10000'],^[[0m
con-ron	Build the unmodified Arena-pinned verified checker	2026-10-05T11:08:37.7988559Z ^[[36;1m    'pins': 'checker-embedded defaults',^[[0m
con-ron	Build the unmodified Arena-pinned verified checker	2026-10-05T11:08:37.7988888Z ^[[36;1m    'certificate_recompiled': False^[[0m
con-ron	Build the unmodified Arena-pinned verified checker	2026-10-05T11:08:37.7989164Z ^[[36;1m}, indent=2) + '\n')^[[0m
con-ron	Build the unmodified Arena-pinned verified checker	2026-10-05T11:08:37.7989389Z ^[[36;1mPY^[[0m
con-ron	Build the unmodified Arena-pinned verified checker	2026-10-05T11:08:37.8054707Z shell: /usr/bin/bash -e {0}
con-ron	Build the unmodified Arena-pinned verified checker	2026-10-05T11:08:37.8054987Z ##[endgroup]
con-ron	Build the unmodified Arena-pinned verified checker	2026-10-05T11:08:37.8225074Z Cloning into '.tools/con-ron'...
con-ron	Build the unmodified Arena-pinned verified checker	2026-10-05T11:08:44.1691987Z HEAD is now at 2e348661 Task #109: pin con-leche at d0bbad69
con-ron	Build the unmodified Arena-pinned verified checker	2026-10-05T11:08:44.2244760Z info: syncing channel updates for 1.90.0-x86_64-unknown-linux-gnu
con-ron	Build the unmodified Arena-pinned verified checker	2026-10-05T11:08:44.3397636Z info: latest update on 2025-09-18 for version 1.90.0 (1159e78c4 2025-09-14)
con-ron	Build the unmodified Arena-pinned verified checker	2026-10-05T11:08:44.3398862Z info: downloading 3 components
con-ron	Build the unmodified Arena-pinned verified checker	2026-10-05T11:08:51.7425643Z 
con-ron	Build the unmodified Arena-pinned verified checker	2026-10-05T11:08:51.7503862Z   1.90.0-x86_64-unknown-linux-gnu installed - rustc 1.90.0 (1159e78c4 2025-09-14)
con-ron	Build the unmodified Arena-pinned verified checker	2026-10-05T11:08:51.7504662Z 
con-ron	Build the unmodified Arena-pinned verified checker	2026-10-05T11:08:51.7887193Z     Updating crates.io index
con-ron	Build the unmodified Arena-pinned verified checker	2026-10-05T11:08:51.8364728Z  Downloading crates ...
con-ron	Build the unmodified Arena-pinned verified checker	2026-10-05T11:08:51.8621847Z   Downloaded mimalloc v0.1.52
con-ron	Build the unmodified Arena-pinned verified checker	2026-10-05T11:08:51.8659728Z   Downloaded shlex v2.0.1
con-ron	Build the unmodified Arena-pinned verified checker	2026-10-05T11:08:51.8676584Z   Downloaded find-msvc-tools v0.1.12
con-ron	Build the unmodified Arena-pinned verified checker	2026-10-05T11:08:51.8712361Z   Downloaded cc v1.4.5
con-ron	Build the unmodified Arena-pinned verified checker	2026-10-05T11:08:51.8780389Z   Downloaded libmimalloc-sys v0.1.49
con-ron	Build the unmodified Arena-pinned verified checker	2026-10-05T11:08:51.9056128Z    Compiling shlex v2.0.1
con-ron	Build the unmodified Arena-pinned verified checker	2026-10-05T11:08:51.9057533Z    Compiling find-msvc-tools v0.1.12
con-ron	Build the unmodified Arena-pinned verified checker	2026-10-05T11:08:51.9059133Z    Compiling con-ron-core v0.1.0 (/home/runner/work/Sharp-Beckner-Onofri-inequalities-Lean/Sharp-Beckner-Onofri-inequalities-Lean/.tools/con-ron/crates/con-ron-core)
con-ron	Build the unmodified Arena-pinned verified checker	2026-10-05T11:08:51.9880201Z    Compiling cc v1.4.5
con-ron	Build the unmodified Arena-pinned verified checker	2026-10-05T11:08:52.7393121Z    Compiling libmimalloc-sys v0.1.49
con-ron	Build the unmodified Arena-pinned verified checker	2026-10-05T11:08:56.7978526Z    Compiling mimalloc v0.1.52
con-ron	Build the unmodified Arena-pinned verified checker	2026-10-05T11:08:56.8139028Z    Compiling con-ron-dump v0.1.0 (/home/runner/work/Sharp-Beckner-Onofri-inequalities-Lean/Sharp-Beckner-Onofri-inequalities-Lean/.tools/con-ron/crates/con-ron-dump)
con-ron	Build the unmodified Arena-pinned verified checker	2026-10-05T11:08:56.9724863Z    Compiling con-ron v0.1.0 (/home/runner/work/Sharp-Beckner-Onofri-inequalities-Lean/Sharp-Beckner-Onofri-inequalities-Lean/.tools/con-ron/crates/con-ron)
con-ron	Build the unmodified Arena-pinned verified checker	2026-10-05T11:09:14.9763199Z     Finished `release` profile [optimized] target(s) in 23.21s
con-ron	Accept valid and reject damaged proof controls	﻿2026-10-05T11:09:15.0818102Z ##[group]Run python3 - <<'PY'
con-ron	Accept valid and reject damaged proof controls	2026-10-05T11:09:15.0818454Z ^[[36;1mpython3 - <<'PY'^[[0m
con-ron	Accept valid and reject damaged proof controls	2026-10-05T11:09:15.0818713Z ^[[36;1mimport gzip, json, re, subprocess^[[0m
con-ron	Accept valid and reject damaged proof controls	2026-10-05T11:09:15.0819015Z ^[[36;1mfrom pathlib import Path^[[0m
con-ron	Accept valid and reject damaged proof controls	2026-10-05T11:09:15.0819290Z ^[[36;1mout = Path('external-check')^[[0m
con-ron	Accept valid and reject damaged proof controls	2026-10-05T11:09:15.0819617Z ^[[36;1mbinary = '.tools/con-ron/target/release/con-ron'^[[0m
con-ron	Accept valid and reject damaged proof controls	2026-10-05T11:09:15.0819938Z ^[[36;1mresults = []^[[0m
con-ron	Accept valid and reject damaged proof controls	2026-10-05T11:09:15.0820226Z ^[[36;1mfor name, expected in [('valid', 0), ('invalid', 1)]:^[[0m
con-ron	Accept valid and reject damaged proof controls	2026-10-05T11:09:15.0820593Z ^[[36;1m    path = out / (name + '.ndjson')^[[0m
con-ron	Accept valid and reject damaged proof controls	2026-10-05T11:09:15.0821109Z ^[[36;1m    path.write_bytes(gzip.decompress(Path('tests/kernel_controls/' + name + '.ndjson.gz').read_bytes()))^[[0m
con-ron	Accept valid and reject damaged proof controls	2026-10-05T11:09:15.0821825Z ^[[36;1m    run = subprocess.run([binary, '--verified', '--jobs=4', str(path)], capture_output=True, text=True)^[[0m
con-ron	Accept valid and reject damaged proof controls	2026-10-05T11:09:15.0822316Z ^[[36;1m    text = run.stdout + run.stderr^[[0m
con-ron	Accept valid and reject damaged proof controls	2026-10-05T11:09:15.0822741Z ^[[36;1m    results.append({'control': name, 'exit_code': run.returncode, 'output': text})^[[0m
con-ron	Accept valid and reject damaged proof controls	2026-10-05T11:09:15.0823314Z ^[[36;1m    (out / 'controls.json').write_text(json.dumps(results, indent=2) + '\n')^[[0m
con-ron	Accept valid and reject damaged proof controls	2026-10-05T11:09:15.0823720Z ^[[36;1m    print(name, run.returncode, text)^[[0m
con-ron	Accept valid and reject damaged proof controls	2026-10-05T11:09:15.0824023Z ^[[36;1m    assert run.returncode == expected^[[0m
con-ron	Accept valid and reject damaged proof controls	2026-10-05T11:09:15.0824302Z ^[[36;1m    if name == 'valid':^[[0m
con-ron	Accept valid and reject damaged proof controls	2026-10-05T11:09:15.0824726Z ^[[36;1m        assert re.search(r'^con-ron: accepted [0-9]+ declarations \(--verified\)$', text, re.M)^[[0m
con-ron	Accept valid and reject damaged proof controls	2026-10-05T11:09:15.0825172Z ^[[36;1mPY^[[0m
con-ron	Accept valid and reject damaged proof controls	2026-10-05T11:09:15.0888084Z shell: /usr/bin/bash -e {0}
con-ron	Accept valid and reject damaged proof controls	2026-10-05T11:09:15.0888355Z ##[endgroup]
con-ron	Accept valid and reject damaged proof controls	2026-10-05T11:09:15.7406377Z valid 0 con-ron: accepted 436 declarations (--verified)
con-ron	Accept valid and reject damaged proof controls	2026-10-05T11:09:15.7407032Z 
con-ron	Accept valid and reject damaged proof controls	2026-10-05T11:09:15.7407620Z invalid 1 con-ron: rejected: type mismatch in theorem [at theorem certificateControl, fold position 64] (--verified) t=0.286s
con-ron	Accept valid and reject damaged proof controls	2026-10-05T11:09:15.7408159Z 
con-ron	Check every exported record in verified mode	﻿2026-10-05T11:09:15.7488888Z ##[group]Run set -o pipefail
con-ron	Check every exported record in verified mode	2026-10-05T11:09:15.7489221Z ^[[36;1mset -o pipefail^[[0m
con-ron	Check every exported record in verified mode	2026-10-05T11:09:15.7489454Z ^[[36;1mulimit -c 0^[[0m
con-ron	Check every exported record in verified mode	2026-10-05T11:09:15.7490113Z ^[[36;1m/usr/bin/time -v .tools/con-ron/target/release/con-ron --verified --jobs=4 --progress=10000 external-check/solution.ndjson 2>&1 | tee external-check/con-ron.log^[[0m
con-ron	Check every exported record in verified mode	2026-10-05T11:09:15.7490831Z ^[[36;1mpython3 - <<'PY'^[[0m
con-ron	Check every exported record in verified mode	2026-10-05T11:09:15.7491065Z ^[[36;1mimport json, re^[[0m
con-ron	Check every exported record in verified mode	2026-10-05T11:09:15.7491302Z ^[[36;1mfrom pathlib import Path^[[0m
con-ron	Check every exported record in verified mode	2026-10-05T11:09:15.7491793Z ^[[36;1mtext = Path('external-check/con-ron.log').read_text()^[[0m
con-ron	Check every exported record in verified mode	2026-10-05T11:09:15.7492333Z ^[[36;1maccepted = re.search(r'^con-ron: accepted ([0-9]+) declarations \(--verified\)$', text, re.M)^[[0m
con-ron	Check every exported record in verified mode	2026-10-05T11:09:15.7492785Z ^[[36;1massert accepted^[[0m
con-ron	Check every exported record in verified mode	2026-10-05T11:09:15.7493200Z ^[[36;1minventory = json.loads(Path('external-check/solution-inventory.json').read_text())^[[0m
con-ron	Check every exported record in verified mode	2026-10-05T11:09:15.7493755Z ^[[36;1massert int(accepted[1]) == inventory['declaration_record_count']^[[0m
con-ron	Check every exported record in verified mode	2026-10-05T11:09:15.7494159Z ^[[36;1mPY^[[0m
con-ron	Check every exported record in verified mode	2026-10-05T11:09:15.7557538Z shell: /usr/bin/bash -e {0}
con-ron	Check every exported record in verified mode	2026-10-05T11:09:15.7557798Z ##[endgroup]
con-ron	Check every exported record in verified mode	2026-10-05T11:09:29.8493325Z con-ron: parse done: 1027308 fold records — the file's 1027308, 0 built-in prelude records synthesised; store 30321498 expression, 3213 level, 1503793 name nodes t=14.069s (parse 14.069s)
con-ron	Check every exported record in verified mode	2026-10-05T11:09:29.8705124Z con-ron: install 0/1027308 inductive Eq t=14.091s
con-ron	Check every exported record in verified mode	2026-10-05T11:09:30.3701940Z con-ron: install 10000/1027308 theorem abs_le' t=14.590s
con-ron	Check every exported record in verified mode	2026-10-05T11:09:30.6907470Z con-ron: install 20000/1027308 def _private.Mathlib.Tactic.NormNum.Result.0.Mathlib.Meta.NormNum.IsInt.to_isNat.match_1_1 t=14.911s
con-ron	Check every exported record in verified mode	2026-10-05T11:09:31.1694232Z con-ron: install 30000/1027308 theorem _private.Mathlib.Topology.UniformSpace.LocallyUniformConvergence.0.tendstoLocallyUniformlyOn_iff_forall_tendsto._simp_1_2 t=15.389s
con-ron	Check every exported record in verified mode	2026-10-05T11:09:31.6361393Z con-ron: install 40000/1027308 theorem MulOpposite.instDistrib._proof_2 t=15.856s
con-ron	Check every exported record in verified mode	2026-10-05T11:09:32.1882800Z con-ron: install 50000/1027308 theorem _private.Mathlib.MeasureTheory.Covering.Besicovitch.0.Besicovitch.exist_disjoint_covering_families._simp_1_1 t=16.408s
con-ron	Check every exported record in verified mode	2026-10-05T11:09:32.6827568Z con-ron: install 60000/1027308 theorem forall_self_imp._simp_1 t=16.903s
con-ron	Check every exported record in verified mode	2026-10-05T11:09:32.8223334Z con-ron: install 70000/1027308 def BecknerOnofri.HighDim.EntropyTail.HeatCertificate.Panels0007.e001889 t=17.042s
con-ron	Check every exported record in verified mode	2026-10-05T11:09:32.8971735Z con-ron: install 80000/1027308 def BecknerOnofri.HighDim.EntropyTail.HeatCertificate.Panels0017.e004553 t=17.117s
con-ron	Check every exported record in verified mode	2026-10-05T11:09:32.9701272Z con-ron: install 90000/1027308 def BecknerOnofri.HighDim.EntropyTail.HeatCertificate.Panels0026.e006711 t=17.190s
con-ron	Check every exported record in verified mode	2026-10-05T11:09:33.0497443Z con-ron: install 100000/1027308 def BecknerOnofri.HighDim.EntropyTail.HeatCertificate.Panels0036.e009361 t=17.270s
con-ron	Check every exported record in verified mode	2026-10-05T11:09:33.1410627Z con-ron: install 110000/1027308 def BecknerOnofri.HighDim.EntropyTail.HeatCertificate.Panels0046.e012027 t=17.361s
con-ron	Check every exported record in verified mode	2026-10-05T11:09:33.2152209Z con-ron: install 120000/1027308 def BecknerOnofri.HighDim.EntropyTail.HeatCertificate.Panels0055.e014169 t=17.435s
con-ron	Check every exported record in verified mode	2026-10-05T11:09:33.2951126Z con-ron: install 130000/1027308 def BecknerOnofri.HighDim.EntropyTail.HeatCertificate.Panels0065.e016833 t=17.515s
con-ron	Check every exported record in verified mode	2026-10-05T11:09:33.3746340Z con-ron: install 140000/1027308 def BecknerOnofri.HighDim.EntropyTail.HeatCertificate.Panels0074.e018991 t=17.595s
con-ron	Check every exported record in verified mode	2026-10-05T11:09:33.4578966Z con-ron: install 150000/1027308 def BecknerOnofri.HighDim.EntropyTail.HeatCertificate.Panels0084.e021641 t=17.678s
con-ron	Check every exported record in verified mode	2026-10-05T11:09:33.5418057Z con-ron: install 160000/1027308 def BecknerOnofri.HighDim.EntropyTail.HeatCertificate.Panels0094.e024307 t=17.762s
con-ron	Check every exported record in verified mode	2026-10-05T11:09:33.6213362Z con-ron: install 170000/1027308 def BecknerOnofri.HighDim.EntropyTail.HeatCertificate.Panels0103.e026449 t=17.841s
con-ron	Check every exported record in verified mode	2026-10-05T11:09:33.7019535Z con-ron: install 180000/1027308 def BecknerOnofri.HighDim.EntropyTail.HeatCertificate.Panels0113.e029113 t=17.922s
con-ron	Check every exported record in verified mode	2026-10-05T11:09:33.7801902Z con-ron: install 190000/1027308 def BecknerOnofri.HighDim.EntropyTail.HeatCertificate.Panels0122.e031271 t=18.000s
con-ron	Check every exported record in verified mode	2026-10-05T11:09:33.8664998Z con-ron: install 200000/1027308 def BecknerOnofri.HighDim.EntropyTail.HeatCertificate.Panels0132.e033921 t=18.086s
con-ron	Check every exported record in verified mode	2026-10-05T11:09:33.9463016Z con-ron: install 210000/1027308 def BecknerOnofri.HighDim.EntropyTail.HeatCertificate.Panels0142.e036587 t=18.166s
con-ron	Check every exported record in verified mode	2026-10-05T11:09:34.0191424Z con-ron: install 220000/1027308 theorem BecknerOnofri.HighDim.EntropyTail.HeatCertificate.Panels0148.e038146._proof_3 t=18.239s
con-ron	Check every exported record in verified mode	2026-10-05T11:09:34.0917760Z con-ron: install 230000/1027308 theorem BecknerOnofri.HighDim.EntropyTail.HeatCertificate.Panels0152.e041821._proof_3 t=18.312s
con-ron	Check every exported record in verified mode	2026-10-05T11:09:34.1629479Z con-ron: install 240000/1027308 def BecknerOnofri.HighDim.EntropyTail.HeatCertificate.Panels0155.e043965 t=18.383s
con-ron	Check every exported record in verified mode	2026-10-05T11:09:34.2312620Z con-ron: install 250000/1027308 theorem BecknerOnofri.HighDim.EntropyTail.HeatCertificate.Panels0158.e046111._proof_1 t=18.451s
con-ron	Check every exported record in verified mode	2026-10-05T11:09:34.3055050Z con-ron: install 260000/1027308 theorem BecknerOnofri.HighDim.EntropyTail.HeatCertificate.Panels0161.e048205._proof_2 t=18.525s
con-ron	Check every exported record in verified mode	2026-10-05T11:09:34.3796373Z con-ron: install 270000/1027308 theorem BecknerOnofri.HighDim.EntropyTail.HeatCertificate.Panels0165.e051882._proof_2 t=18.600s
con-ron	Check every exported record in verified mode	2026-10-05T11:09:34.4508437Z con-ron: install 280000/1027308 theorem BecknerOnofri.HighDim.EntropyTail.HeatCertificate.Panels0168.e054024._proof_3 t=18.671s
con-ron	Check every exported record in verified mode	2026-10-05T11:09:34.5209844Z con-ron: install 290000/1027308 def BecknerOnofri.HighDim.EntropyTail.HeatCertificate.Panels0171.e056121 t=18.741s
con-ron	Check every exported record in verified mode	2026-10-05T11:09:34.5918961Z con-ron: install 300000/1027308 theorem BecknerOnofri.HighDim.EntropyTail.HeatCertificate.Panels0174.e058266._proof_1 t=18.812s
con-ron	Check every exported record in verified mode	2026-10-05T11:09:34.6606592Z con-ron: install 310000/1027308 theorem BecknerOnofri.HighDim.EntropyTail.HeatCertificate.Panels0177.e060409._proof_1 t=18.881s
con-ron	Check every exported record in verified mode	2026-10-05T11:09:34.7329002Z con-ron: install 320000/1027308 theorem BecknerOnofri.HighDim.EntropyTail.HeatCertificate.Panels0181.e064086._proof_2 t=18.953s
con-ron	Check every exported record in verified mode	2026-10-05T11:09:34.8039227Z con-ron: install 330000/1027308 theorem BecknerOnofri.HighDim.EntropyTail.HeatCertificate.Panels0184.e066180._proof_3 t=19.024s
con-ron	Check every exported record in verified mode	2026-10-05T11:09:34.8747197Z con-ron: install 340000/1027308 def BecknerOnofri.HighDim.EntropyTail.HeatCertificate.Panels0187.e068324 t=19.095s
con-ron	Check every exported record in verified mode	2026-10-05T11:09:34.9431799Z con-ron: install 350000/1027308 theorem BecknerOnofri.HighDim.EntropyTail.HeatCertificate.Panels0190.e070470._proof_1 t=19.163s
con-ron	Check every exported record in verified mode	2026-10-05T11:09:35.0159863Z con-ron: install 360000/1027308 theorem BecknerOnofri.HighDim.EntropyTail.HeatCertificate.Panels0194.e074097._proof_1 t=19.236s
con-ron	Check every exported record in verified mode	2026-10-05T11:09:35.0864233Z con-ron: install 370000/1027308 theorem BecknerOnofri.HighDim.EntropyTail.HeatCertificate.Panels0197.e076241._proof_2 t=19.306s
con-ron	Check every exported record in verified mode	2026-10-05T11:09:35.1564412Z con-ron: install 380000/1027308 theorem BecknerOnofri.HighDim.EntropyTail.HeatCertificate.Panels0200.e078384._proof_3 t=19.376s
con-ron	Check every exported record in verified mode	2026-10-05T11:09:35.2263831Z con-ron: install 390000/1027308 def BecknerOnofri.HighDim.EntropyTail.HeatCertificate.Panels0203.e080480 t=19.446s
con-ron	Check every exported record in verified mode	2026-10-05T11:09:35.3055238Z con-ron: install 400000/1027308 def BecknerOnofri.HighDim.EntropyTail.HeatCertificate.Panels0207.e084157 t=19.525s
con-ron	Check every exported record in verified mode	2026-10-05T11:09:35.3718239Z con-ron: install 410000/1027308 theorem BecknerOnofri.HighDim.EntropyTail.HeatCertificate.Panels0210.e086301._proof_1 t=19.592s
con-ron	Check every exported record in verified mode	2026-10-05T11:09:35.4408403Z con-ron: install 420000/1027308 theorem BecknerOnofri.HighDim.EntropyTail.HeatCertificate.Panels0213.e088445._proof_2 t=19.661s
con-ron	Check every exported record in verified mode	2026-10-05T11:09:35.5091837Z con-ron: install 430000/1027308 theorem BecknerOnofri.HighDim.EntropyTail.HeatCertificate.Panels0216.e090539._proof_3 t=19.729s
con-ron	Check every exported record in verified mode	2026-10-05T11:09:35.5740511Z con-ron: install 440000/1027308 def BecknerOnofri.HighDim.EntropyTail.HeatCertificate.Panels0219.e092684 t=19.794s
con-ron	Check every exported record in verified mode	2026-10-05T11:09:35.6424862Z con-ron: install 450000/1027308 def BecknerOnofri.HighDim.EntropyTail.HeatCertificate.Panels0223.e096361 t=19.862s
con-ron	Check every exported record in verified mode	2026-10-05T11:09:35.7098532Z con-ron: install 460000/1027308 theorem BecknerOnofri.HighDim.EntropyTail.HeatCertificate.Panels0226.e098456._proof_1 t=19.930s
con-ron	Check every exported record in verified mode	2026-10-05T11:09:35.7762211Z con-ron: install 470000/1027308 theorem BecknerOnofri.HighDim.EntropyTail.HeatCertificate.Panels0229.e100600._proof_2 t=19.996s
con-ron	Check every exported record in verified mode	2026-10-05T11:09:35.8403968Z con-ron: install 480000/1027308 theorem BecknerOnofri.HighDim.EntropyTail.HeatCertificate.Panels0232.e102743._proof_3 t=20.060s
con-ron	Check every exported record in verified mode	2026-10-05T11:09:35.9072248Z con-ron: install 490000/1027308 theorem BecknerOnofri.HighDim.EntropyTail.HeatCertificate.Panels0236.e106420._proof_3 t=20.127s
con-ron	Check every exported record in verified mode	2026-10-05T11:09:35.9718009Z con-ron: install 500000/1027308 def BecknerOnofri.HighDim.EntropyTail.HeatCertificate.Panels0239.e108516 t=20.192s
con-ron	Check every exported record in verified mode	2026-10-05T11:09:36.0338935Z con-ron: install 510000/1027308 theorem BecknerOnofri.HighDim.EntropyTail.HeatCertificate.Panels0242.e110660._proof_1 t=20.254s
con-ron	Check every exported record in verified mode	2026-10-05T11:09:36.0903476Z con-ron: install 520000/1027308 theorem BecknerOnofri.HighDim.EntropyTail.HeatCertificate.Segments002.Row10.b0018._proof_1 t=20.310s
con-ron	Check every exported record in verified mode	2026-10-05T11:09:36.2563308Z con-ron: install 530000/1027308 theorem BecknerOnofri.HighDim.Spin.CandidateBatch0102.accepted1632._proof_1_1 t=20.476s
con-ron	Check every exported record in verified mode	2026-10-05T11:09:36.4034731Z con-ron: install 540000/1027308 theorem BecknerOnofri.HighDim.Spin.IntervalBatch0075.cell1209._proof_2 t=20.623s
con-ron	Check every exported record in verified mode	2026-10-05T11:09:36.5488134Z con-ron: install 550000/1027308 theorem BecknerOnofri.HighDim.Spin.CandidateBatch0048.candidate0770._proof_7 t=20.769s
con-ron	Check every exported record in verified mode	2026-10-05T11:09:36.6910378Z con-ron: install 560000/1027308 theorem BecknerOnofri.HighDim.Spin.CandidateBatch0021.candidate0338._proof_8 t=20.911s
con-ron	Check every exported record in verified mode	2026-10-05T11:09:36.8298247Z con-ron: install 570000/1027308 def BecknerOnofri.HighDim.ScalarCertificate.GammaPanel3083.wholeW1 t=21.050s
con-ron	Check every exported record in verified mode	2026-10-05T11:09:36.8967765Z con-ron: install 580000/1027308 theorem BecknerOnofri.HighDim.ScalarCertificate.GammaPanel3049.pointW1upper._proof_1 t=21.117s
con-ron	Check every exported record in verified mode	2026-10-05T11:09:36.9634994Z con-ron: install 590000/1027308 def BecknerOnofri.HighDim.ScalarCertificate.GammaPanel2928.whole_zu t=21.184s
con-ron	Check every exported record in verified mode	2026-10-05T11:09:37.0298149Z con-ron: install 600000/1027308 theorem BecknerOnofri.HighDim.ScalarCertificate.GammaPanel2902.pointZ._proof_1 t=21.250s
con-ron	Check every exported record in verified mode	2026-10-05T11:09:37.0982709Z con-ron: install 610000/1027308 theorem BecknerOnofri.HighDim.ScalarCertificate.BracketBatch0179.hi2878._proof_1 t=21.318s
con-ron	Check every exported record in verified mode	2026-10-05T11:09:37.1658513Z con-ron: install 620000/1027308 theorem BecknerOnofri.HighDim.ScalarCertificate.GammaPanel2755.wholeBase._proof_2 t=21.386s
con-ron	Check every exported record in verified mode	2026-10-05T11:09:37.2338572Z con-ron: install 630000/1027308 theorem BecknerOnofri.HighDim.ScalarCertificate.GammaPanel2721.pointMinus._proof_1 t=21.454s
con-ron	Check every exported record in verified mode	2026-10-05T11:09:37.2990845Z con-ron: install 640000/1027308 theorem BecknerOnofri.HighDim.ScalarCertificate.GammaPanel2592.leftAccepted t=21.519s
con-ron	Check every exported record in verified mode	2026-10-05T11:09:37.3659279Z con-ron: install 650000/1027308 theorem BecknerOnofri.HighDim.ScalarCertificate.GammaPanel2566.midBessels._proof_3 t=21.586s
con-ron	Check every exported record in verified mode	2026-10-05T11:09:37.4331264Z con-ron: install 660000/1027308 def BecknerOnofri.HighDim.ScalarCertificate.GammaPanel2444.certificate t=21.653s
con-ron	Check every exported record in verified mode	2026-10-05T11:09:37.5004827Z con-ron: install 670000/1027308 theorem BecknerOnofri.HighDim.ScalarCertificate.GammaPanel2419.whole_pl._proof_1 t=21.720s
con-ron	Check every exported record in verified mode	2026-10-05T11:09:37.5666524Z con-ron: install 680000/1027308 def BecknerOnofri.HighDim.ScalarCertificate.GammaPanel2289.point_pu t=21.787s
con-ron	Check every exported record in verified mode	2026-10-05T11:09:37.6326470Z con-ron: install 690000/1027308 theorem BecknerOnofri.HighDim.ScalarCertificate.BracketBatch0141.accepted2257._proof_1_1 t=21.853s
con-ron	Check every exported record in verified mode	2026-10-05T11:09:37.6995288Z con-ron: install 700000/1027308 def BecknerOnofri.HighDim.ScalarCertificate.GammaPanel2230.wholeW2 t=21.919s
con-ron	Check every exported record in verified mode	2026-10-05T11:09:37.7666975Z con-ron: install 710000/1027308 def BecknerOnofri.HighDim.ScalarCertificate.GammaPanel2108.pointW2lower t=21.987s
con-ron	Check every exported record in verified mode	2026-10-05T11:09:37.8340935Z con-ron: install 720000/1027308 def BecknerOnofri.HighDim.ScalarCertificate.GammaPanel2083.rightPoint t=22.054s
con-ron	Check every exported record in verified mode	2026-10-05T11:09:37.9017596Z con-ron: install 730000/1027308 def BecknerOnofri.HighDim.ScalarCertificate.GammaPanel1961.midPoint t=22.122s
con-ron	Check every exported record in verified mode	2026-10-05T11:09:37.9673122Z con-ron: install 740000/1027308 def BecknerOnofri.HighDim.ScalarCertificate.BracketBatch0120.hi1929b1 t=22.187s
con-ron	Check every exported record in verified mode	2026-10-05T11:09:38.0340760Z con-ron: install 750000/1027308 def BecknerOnofri.HighDim.ScalarCertificate.GammaPanel1894.wholeW1lower t=22.254s
con-ron	Check every exported record in verified mode	2026-10-05T11:09:38.1057783Z con-ron: install 760000/1027308 def BecknerOnofri.HighDim.ScalarCertificate.GammaPanel1772.pointMinus t=22.326s
con-ron	Check every exported record in verified mode	2026-10-05T11:09:38.1721648Z con-ron: install 770000/1027308 theorem BecknerOnofri.HighDim.ScalarCertificate.GammaPanel1747.rightBessels._proof_2 t=22.392s
con-ron	Check every exported record in verified mode	2026-10-05T11:09:38.2398677Z con-ron: install 780000/1027308 def BecknerOnofri.HighDim.ScalarCertificate.GammaPanel1625.wholeW2 t=22.460s
con-ron	Check every exported record in verified mode	2026-10-05T11:09:38.3251188Z con-ron: install 790000/1027308 theorem BecknerOnofri.HighDim.ScalarCertificate.MinorantBatch0199.accepted1599._proof_1_1 t=22.545s
con-ron	Check every exported record in verified mode	2026-10-05T11:09:38.3906134Z con-ron: install 800000/1027308 theorem BecknerOnofri.HighDim.ScalarCertificate.GammaPanel1462.wholePlus._proof_1 t=22.611s
con-ron	Check every exported record in verified mode	2026-10-05T11:09:38.4566483Z con-ron: install 810000/1027308 def BecknerOnofri.HighDim.ScalarCertificate.GammaPanel1436.point_pl t=22.677s
con-ron	Check every exported record in verified mode	2026-10-05T11:09:38.5220267Z con-ron: install 820000/1027308 theorem BecknerOnofri.HighDim.ScalarCertificate.BracketBatch0082.accepted1316._proof_1_1 t=22.742s
con-ron	Check every exported record in verified mode	2026-10-05T11:09:38.5880984Z con-ron: install 830000/1027308 def BecknerOnofri.HighDim.ScalarCertificate.GammaPanel1289.wholeW1lower t=22.808s
con-ron	Check every exported record in verified mode	2026-10-05T11:09:38.6521894Z con-ron: install 840000/1027308 theorem BecknerOnofri.HighDim.ScalarCertificate.BracketBatch0073.lo1168._proof_2 t=22.872s
con-ron	Check every exported record in verified mode	2026-10-05T11:09:38.7182880Z con-ron: install 850000/1027308 def BecknerOnofri.HighDim.ScalarCertificate.GammaPanel1134.wholeH t=22.938s
con-ron	Check every exported record in verified mode	2026-10-05T11:09:38.7842578Z con-ron: install 860000/1027308 def BecknerOnofri.HighDim.ScalarCertificate.GammaPanel1100.pointH t=23.004s
con-ron	Check every exported record in verified mode	2026-10-05T11:09:38.8503988Z con-ron: install 870000/1027308 theorem BecknerOnofri.HighDim.ScalarCertificate.BracketBatch0061.lo0980b1._proof_1 t=23.070s
con-ron	Check every exported record in verified mode	2026-10-05T11:09:38.9163825Z con-ron: install 880000/1027308 theorem BecknerOnofri.HighDim.ScalarCertificate.GammaPanel0953.wholePlus._proof_1 t=23.136s
con-ron	Check every exported record in verified mode	2026-10-05T11:09:38.9809302Z con-ron: install 890000/1027308 def BecknerOnofri.HighDim.ScalarCertificate.GammaPanel0831.point_wl t=23.201s
con-ron	Check every exported record in verified mode	2026-10-05T11:09:39.0474344Z con-ron: install 900000/1027308 def BecknerOnofri.HighDim.ScalarCertificate.GammaPanel0806.leftPoint t=23.267s
con-ron	Check every exported record in verified mode	2026-10-05T11:09:39.1127279Z con-ron: install 910000/1027308 theorem BecknerOnofri.HighDim.ScalarCertificate.GammaPanel0772.midBessels._proof_3 t=23.333s
con-ron	Check every exported record in verified mode	2026-10-05T11:09:39.1789019Z con-ron: install 920000/1027308 def BecknerOnofri.HighDim.ScalarCertificate.GammaPanel0642.pointData t=23.399s
con-ron	Check every exported record in verified mode	2026-10-05T11:09:39.2443423Z con-ron: install 930000/1027308 theorem BecknerOnofri.HighDim.ScalarCertificate.GammaPanel0617.wholeZ._proof_1 t=23.464s
con-ron	Check every exported record in verified mode	2026-10-05T11:09:39.3085163Z con-ron: install 940000/1027308 theorem BecknerOnofri.HighDim.ScalarCertificate.GammaPanel0495.point_mu._proof_1 t=23.528s
con-ron	Check every exported record in verified mode	2026-10-05T11:09:39.3747264Z con-ron: install 950000/1027308 theorem BecknerOnofri.HighDim.ScalarCertificate.BracketBatch0029.accepted0471 t=23.595s
con-ron	Check every exported record in verified mode	2026-10-05T11:09:39.4414387Z con-ron: install 960000/1027308 theorem BecknerOnofri.HighDim.ScalarCertificate.GammaPanel0348.whole_wu._proof_1 t=23.661s
con-ron	Check every exported record in verified mode	2026-10-05T11:09:39.5080040Z con-ron: install 970000/1027308 theorem BecknerOnofri.HighDim.ScalarCertificate.GammaPanel0322.point_wu._proof_1 t=23.728s
con-ron	Check every exported record in verified mode	2026-10-05T11:09:39.5738132Z con-ron: install 980000/1027308 theorem BecknerOnofri.HighDim.ScalarCertificate.GammaPanel0201.rightBessels._proof_3 t=23.794s
con-ron	Check every exported record in verified mode	2026-10-05T11:09:39.6383575Z con-ron: install 990000/1027308 theorem BecknerOnofri.HighDim.ScalarCertificate.GammaPanel0175.point_zu._proof_1 t=23.858s
con-ron	Check every exported record in verified mode	2026-10-05T11:09:39.7042953Z con-ron: install 1000000/1027308 theorem BecknerOnofri.HighDim.ScalarCertificate.BracketBatch0003.lo0055._proof_1 t=23.924s
con-ron	Check every exported record in verified mode	2026-10-05T11:09:39.7700301Z con-ron: install 1010000/1027308 def BecknerOnofri.HighDim.ScalarCertificate.GammaPanel0028.wholeMinus t=23.990s
con-ron	Check every exported record in verified mode	2026-10-05T11:09:40.1030075Z con-ron: install 1020000/1027308 theorem Legacy.BecknerOnofri.FiniteScalar.Case15.checked08._proof_1_1 t=24.323s
con-ron	Check every exported record in verified mode	2026-10-05T11:09:40.7528479Z con-ron: install done: 1027308/1027308 declarations installed, 1026192 checks pending; store 31228414 expression (31228414 persistent), 4332 level, 1505857 name nodes t=24.973s (install 10.904s)
con-ron	Check every exported record in verified mode	2026-10-05T11:09:41.5968455Z con-ron: check 10000/1026192 definition _private.Mathlib.Algebra.Order.Archimedean.Defs.0.exists_lt_nsmul.match_1_1 t=25.815s
con-ron	Check every exported record in verified mode	2026-10-05T11:09:42.5828043Z con-ron: check 20000/1026192 definition AddGroupNorm.toNormedAddGroup t=26.800s
con-ron	Check every exported record in verified mode	2026-10-05T11:09:44.3726094Z con-ron: check 30000/1026192 theorem nhdsGT_neBot t=28.592s
con-ron	Check every exported record in verified mode	2026-10-05T11:09:46.9158177Z con-ron: check 40000/1026192 theorem Finset.piecewise_eq_of_notMem t=31.133s
con-ron	Check every exported record in verified mode	2026-10-05T11:09:49.6808406Z con-ron: check 50000/1026192 theorem MeasurableSet.image_of_continuousOn_injOn t=33.901s
con-ron	Check every exported record in verified mode	2026-10-05T11:09:55.8728548Z con-ron: check 60000/1026192 theorem _private.Mathlib.Analysis.Analytic.Composition.0.Composition.sigma_pi_composition_eq_iff._simp_1_1 t=40.090s
con-ron	Check every exported record in verified mode	2026-10-05T11:10:55.3676426Z con-ron: check 70000/1026192 definition BecknerOnofri.HighDim.EntropyTail.HeatCertificate.Panels0008.e002157 t=99.587s
con-ron	Check every exported record in verified mode	2026-10-05T11:11:50.9948636Z con-ron: check 80000/1026192 theorem BecknerOnofri.HighDim.EntropyTail.HeatCertificate.Panels0018.e004808._proof_1 t=155.212s
con-ron	Check every exported record in verified mode	2026-10-05T11:12:44.4350884Z con-ron: check 90000/1026192 theorem BecknerOnofri.HighDim.EntropyTail.HeatCertificate.Panels0027.e006965._proof_3 t=208.655s
con-ron	Check every exported record in verified mode	2026-10-05T11:13:38.8488121Z con-ron: check 100000/1026192 definition BecknerOnofri.HighDim.EntropyTail.HeatCertificate.Panels0037.e009631 t=263.068s
con-ron	Check every exported record in verified mode	2026-10-05T11:14:34.3418338Z con-ron: check 110000/1026192 theorem BecknerOnofri.HighDim.EntropyTail.HeatCertificate.Panels0047.e012282._proof_1 t=318.559s
con-ron	Check every exported record in verified mode	2026-10-05T11:15:29.5591941Z con-ron: check 120000/1026192 definition BecknerOnofri.HighDim.EntropyTail.HeatCertificate.Panels0056.e014437 t=373.779s
con-ron	Check every exported record in verified mode	2026-10-05T11:16:25.6788362Z con-ron: check 130000/1026192 theorem BecknerOnofri.HighDim.EntropyTail.HeatCertificate.Panels0066.e017088._proof_1 t=429.898s
con-ron	Check every exported record in verified mode	2026-10-05T11:17:21.1658658Z con-ron: check 140000/1026192 theorem BecknerOnofri.HighDim.EntropyTail.HeatCertificate.Panels0075.e019245._proof_3 t=485.384s
con-ron	Check every exported record in verified mode	2026-10-05T11:18:19.9178585Z con-ron: check 150000/1026192 definition BecknerOnofri.HighDim.EntropyTail.HeatCertificate.Panels0085.e021911 t=544.136s
con-ron	Check every exported record in verified mode	2026-10-05T11:19:16.5188919Z con-ron: check 160000/1026192 theorem BecknerOnofri.HighDim.EntropyTail.HeatCertificate.Panels0095.e024562._proof_1 t=600.737s
con-ron	Check every exported record in verified mode	2026-10-05T11:20:13.1658153Z con-ron: check 170000/1026192 definition BecknerOnofri.HighDim.EntropyTail.HeatCertificate.Panels0104.e026717 t=657.385s
con-ron	Check every exported record in verified mode	2026-10-05T11:21:10.8298312Z con-ron: check 180000/1026192 theorem BecknerOnofri.HighDim.EntropyTail.HeatCertificate.Panels0114.e029368._proof_1 t=715.044s
con-ron	Check every exported record in verified mode	2026-10-05T11:22:03.4548345Z con-ron: check 190000/1026192 definition BecknerOnofri.HighDim.EntropyTail.HeatCertificate.Panels0123.e031525 t=767.674s
con-ron	Check every exported record in verified mode	2026-10-05T11:22:58.5908134Z con-ron: check 200000/1026192 theorem BecknerOnofri.HighDim.EntropyTail.HeatCertificate.Panels0133.e034176._proof_1 t=822.809s
con-ron	Check every exported record in verified mode	2026-10-05T11:23:52.8658315Z con-ron: check 210000/1026192 theorem BecknerOnofri.HighDim.EntropyTail.HeatCertificate.Panels0143.e036842._proof_1 t=877.084s
con-ron	Check every exported record in verified mode	2026-10-05T11:24:42.3088505Z con-ron: check 220000/1026192 theorem BecknerOnofri.HighDim.EntropyTail.HeatCertificate.Panels0149.e039456._proof_2 t=926.527s
con-ron	Check every exported record in verified mode	2026-10-05T11:25:29.9119456Z con-ron: check 230000/1026192 theorem BecknerOnofri.HighDim.EntropyTail.HeatCertificate.Panels0152.e041598._proof_3 t=974.129s
con-ron	Check every exported record in verified mode	2026-10-05T11:26:17.4608301Z con-ron: check 240000/1026192 theorem BecknerOnofri.HighDim.EntropyTail.HeatCertificate.Panels0155.e043695._proof_1 t=1021.679s
con-ron	Check every exported record in verified mode	2026-10-05T11:27:03.5958842Z con-ron: check 250000/1026192 theorem BecknerOnofri.HighDim.EntropyTail.HeatCertificate.Panels0158.e045840._proof_1 t=1067.815s
con-ron	Check every exported record in verified mode	2026-10-05T11:27:53.2598472Z con-ron: check 260000/1026192 theorem BecknerOnofri.HighDim.EntropyTail.HeatCertificate.Panels0162.e049515._proof_1 t=1117.477s
con-ron	Check every exported record in verified mode	2026-10-05T11:28:40.3293858Z con-ron: check 270000/1026192 theorem BecknerOnofri.HighDim.EntropyTail.HeatCertificate.Panels0165.e051611._proof_2 t=1164.549s
con-ron	Check every exported record in verified mode	2026-10-05T11:29:27.1068160Z con-ron: check 280000/1026192 definition BecknerOnofri.HighDim.EntropyTail.HeatCertificate.Panels0168.e053753 t=1211.326s
con-ron	Check every exported record in verified mode	2026-10-05T11:30:15.8730045Z con-ron: check 290000/1026192 theorem BecknerOnofri.HighDim.EntropyTail.HeatCertificate.Panels0171.e055898._proof_3 t=1260.093s
con-ron	Check every exported record in verified mode	2026-10-05T11:31:04.2238184Z con-ron: check 300000/1026192 theorem BecknerOnofri.HighDim.EntropyTail.HeatCertificate.Panels0175.e059528._proof_1 t=1308.441s
con-ron	Check every exported record in verified mode	2026-10-05T11:31:51.0498191Z con-ron: check 310000/1026192 theorem BecknerOnofri.HighDim.EntropyTail.HeatCertificate.Panels0178.e061670._proof_1 t=1355.268s
con-ron	Check every exported record in verified mode	2026-10-05T11:32:37.7748207Z con-ron: check 320000/1026192 theorem BecknerOnofri.HighDim.EntropyTail.HeatCertificate.Panels0181.e063815._proof_2 t=1401.990s
con-ron	Check every exported record in verified mode	2026-10-05T11:33:25.1944969Z con-ron: check 330000/1026192 theorem BecknerOnofri.HighDim.EntropyTail.HeatCertificate.Panels0184.e065957._proof_2 t=1449.414s
con-ron	Check every exported record in verified mode	2026-10-05T11:34:12.7578110Z con-ron: check 340000/1026192 definition BecknerOnofri.HighDim.EntropyTail.HeatCertificate.Panels0188.e069586 t=1496.975s
con-ron	Check every exported record in verified mode	2026-10-05T11:34:59.9858204Z con-ron: check 350000/1026192 theorem BecknerOnofri.HighDim.EntropyTail.HeatCertificate.Panels0191.e071731._proof_3 t=1544.204s
con-ron	Check every exported record in verified mode	2026-10-05T11:35:45.9958145Z con-ron: check 360000/1026192 definition BecknerOnofri.HighDim.EntropyTail.HeatCertificate.Panels0194.e073873 t=1590.213s
con-ron	Check every exported record in verified mode	2026-10-05T11:36:33.6918199Z con-ron: check 370000/1026192 theorem BecknerOnofri.HighDim.EntropyTail.HeatCertificate.Panels0197.e075970._proof_2 t=1637.909s
con-ron	Check every exported record in verified mode	2026-10-05T11:37:21.6038308Z con-ron: check 380000/1026192 definition BecknerOnofri.HighDim.EntropyTail.HeatCertificate.Panels0200.e078113 t=1685.822s
con-ron	Check every exported record in verified mode	2026-10-05T11:38:10.4108225Z con-ron: check 390000/1026192 theorem BecknerOnofri.HighDim.EntropyTail.HeatCertificate.Panels0204.e081790._proof_3 t=1734.628s
con-ron	Check every exported record in verified mode	2026-10-05T11:38:56.5728422Z con-ron: check 400000/1026192 theorem BecknerOnofri.HighDim.EntropyTail.HeatCertificate.Panels0207.e083935._proof_1 t=1780.791s
con-ron	Check every exported record in verified mode	2026-10-05T11:39:43.2558609Z con-ron: check 410000/1026192 theorem BecknerOnofri.HighDim.EntropyTail.HeatCertificate.Panels0210.e086030._proof_1 t=1827.475s
con-ron	Check every exported record in verified mode	2026-10-05T11:40:30.9388127Z con-ron: check 420000/1026192 theorem BecknerOnofri.HighDim.EntropyTail.HeatCertificate.Panels0213.e088174._proof_2 t=1875.155s
con-ron	Check every exported record in verified mode	2026-10-05T11:41:19.0848596Z con-ron: check 430000/1026192 theorem BecknerOnofri.HighDim.EntropyTail.HeatCertificate.Panels0217.e091849._proof_2 t=1923.304s
con-ron	Check every exported record in verified mode	2026-10-05T11:42:04.1708112Z con-ron: check 440000/1026192 theorem BecknerOnofri.HighDim.EntropyTail.HeatCertificate.Panels0220.e093945._proof_3 t=1968.389s
con-ron	Check every exported record in verified mode	2026-10-05T11:42:49.5978122Z con-ron: check 450000/1026192 definition BecknerOnofri.HighDim.EntropyTail.HeatCertificate.Panels0223.e096090 t=2013.815s
con-ron	Check every exported record in verified mode	2026-10-05T11:43:36.5988152Z con-ron: check 460000/1026192 definition BecknerOnofri.HighDim.EntropyTail.HeatCertificate.Panels0226.e098232 t=2060.817s
con-ron	Check every exported record in verified mode	2026-10-05T11:44:22.0758163Z con-ron: check 470000/1026192 theorem BecknerOnofri.HighDim.EntropyTail.HeatCertificate.Panels0229.e100330._proof_2 t=2106.290s
con-ron	Check every exported record in verified mode	2026-10-05T11:45:08.9508672Z con-ron: check 480000/1026192 theorem BecknerOnofri.HighDim.EntropyTail.HeatCertificate.Panels0233.e104005._proof_2 t=2153.168s
con-ron	Check every exported record in verified mode	2026-10-05T11:45:53.7208146Z con-ron: check 490000/1026192 theorem BecknerOnofri.HighDim.EntropyTail.HeatCertificate.Panels0236.e106149._proof_3 t=2197.940s
con-ron	Check every exported record in verified mode	2026-10-05T11:46:38.9208396Z con-ron: check 500000/1026192 theorem BecknerOnofri.HighDim.EntropyTail.HeatCertificate.Panels0239.e108294._proof_1 t=2243.140s
con-ron	Check every exported record in verified mode	2026-10-05T11:47:23.6728145Z con-ron: check 510000/1026192 theorem BecknerOnofri.HighDim.EntropyTail.HeatCertificate.Panels0242.e110389._proof_1 t=2287.891s
con-ron	Check every exported record in verified mode	2026-10-05T11:47:51.1831559Z con-ron: check 520000/1026192 definition BecknerOnofri.HighDim.EntropyTail.HeatCertificate.Segments016.Row11.ζ t=2315.402s
con-ron	Check every exported record in verified mode	2026-10-05T11:54:12.1038011Z con-ron: check 530000/1026192 theorem BecknerOnofri.HighDim.Spin.CandidateBatch0093.candidate1501._proof_6 t=2696.323s
con-ron	Check every exported record in verified mode	2026-10-05T12:01:08.3978141Z con-ron: check 540000/1026192 definition BecknerOnofri.HighDim.Spin.IntervalBatch0070.cell1125 t=3112.617s
con-ron	Check every exported record in verified mode	2026-10-05T12:07:53.1807145Z con-ron: check 550000/1026192 theorem BecknerOnofri.HighDim.Spin.CandidateBatch0043.candidate0688._proof_10 t=3517.400s
con-ron	Check every exported record in verified mode	2026-10-05T12:14:54.2398217Z con-ron: check 560000/1026192 theorem BecknerOnofri.HighDim.Spin.CandidateBatch0015.accepted0254 t=3938.459s
con-ron	Check every exported record in verified mode	2026-10-05T12:21:08.7623128Z con-ron: check 570000/1026192 definition BecknerOnofri.HighDim.ScalarCertificate.GammaPanel3090.pointW2 t=4312.982s
con-ron	Check every exported record in verified mode	2026-10-05T12:25:13.0998143Z con-ron: check 580000/1026192 definition BecknerOnofri.HighDim.ScalarCertificate.GammaPanel3057.whole_zu t=4557.315s
con-ron	Check every exported record in verified mode	2026-10-05T12:28:36.7598239Z con-ron: check 590000/1026192 theorem BecknerOnofri.HighDim.ScalarCertificate.GammaPanel2935.wholeDataAccepted._proof_1_1 t=4760.978s
con-ron	Check every exported record in verified mode	2026-10-05T12:31:37.0928227Z con-ron: check 600000/1026192 theorem BecknerOnofri.HighDim.ScalarCertificate.BracketBatch0181.hi2911._proof_2 t=4941.312s
con-ron	Check every exported record in verified mode	2026-10-05T12:34:13.7028983Z con-ron: check 610000/1026192 theorem BecknerOnofri.HighDim.ScalarCertificate.GammaPanel2788.wholeW1upper._proof_1 t=5097.920s
con-ron	Check every exported record in verified mode	2026-10-05T12:36:45.0968140Z con-ron: check 620000/1026192 definition BecknerOnofri.HighDim.ScalarCertificate.GammaPanel2762.pointW1lower t=5249.317s
con-ron	Check every exported record in verified mode	2026-10-05T12:39:00.4238196Z con-ron: check 630000/1026192 theorem BecknerOnofri.HighDim.ScalarCertificate.GammaPanel2729.rightBessels._proof_2 t=5384.641s
con-ron	Check every exported record in verified mode	2026-10-05T12:41:01.8858307Z con-ron: check 640000/1026192 theorem BecknerOnofri.HighDim.ScalarCertificate.GammaPanel2599.midAccepted._proof_1_1 t=5506.104s
con-ron	Check every exported record in verified mode	2026-10-05T12:42:54.4058192Z con-ron: check 650000/1026192 definition BecknerOnofri.HighDim.ScalarCertificate.BracketBatch0160.lo2575b0 t=5618.624s
con-ron	Check every exported record in verified mode	2026-10-05T12:44:41.9708176Z con-ron: check 660000/1026192 definition BecknerOnofri.HighDim.ScalarCertificate.GammaPanel2452.whole_ml t=5726.187s
con-ron	Check every exported record in verified mode	2026-10-05T12:46:28.2708659Z con-ron: check 670000/1026192 theorem BecknerOnofri.HighDim.ScalarCertificate.GammaPanel2426.pointPlus._proof_1 t=5832.490s
con-ron	Check every exported record in verified mode	2026-10-05T12:48:07.0149328Z con-ron: check 680000/1026192 theorem BecknerOnofri.HighDim.ScalarCertificate.BracketBatch0143.accepted2298._proof_1_1 t=5931.232s
con-ron	Check every exported record in verified mode	2026-10-05T12:49:43.6659043Z con-ron: check 690000/1026192 definition BecknerOnofri.HighDim.ScalarCertificate.GammaPanel2263.wholeGamma t=6027.884s
con-ron	Check every exported record in verified mode	2026-10-05T12:51:18.4158280Z con-ron: check 700000/1026192 definition BecknerOnofri.HighDim.ScalarCertificate.GammaPanel2237.certificate t=6122.634s
con-ron	Check every exported record in verified mode	2026-10-05T12:52:55.1558306Z con-ron: check 710000/1026192 theorem BecknerOnofri.HighDim.ScalarCertificate.GammaPanel2116.rightAccepted._proof_1_1 t=6219.374s
con-ron	Check every exported record in verified mode	2026-10-05T12:54:28.9468251Z con-ron: check 720000/1026192 theorem BecknerOnofri.HighDim.ScalarCertificate.GammaPanel2090.pointZ._proof_1 t=6313.164s
con-ron	Check every exported record in verified mode	2026-10-05T12:56:02.2718356Z con-ron: check 730000/1026192 definition BecknerOnofri.HighDim.ScalarCertificate.BracketBatch0123.hi1970b1 t=6406.491s
con-ron	Check every exported record in verified mode	2026-10-05T12:57:36.2709368Z con-ron: check 740000/1026192 definition BecknerOnofri.HighDim.ScalarCertificate.GammaPanel1935.wholeW1upper t=6500.489s
con-ron	Check every exported record in verified mode	2026-10-05T12:59:10.8158539Z con-ron: check 750000/1026192 theorem BecknerOnofri.HighDim.ScalarCertificate.GammaPanel1805.point_wu._proof_1 t=6595.034s
con-ron	Check every exported record in verified mode	2026-10-05T13:00:46.2308163Z con-ron: check 760000/1026192 theorem BecknerOnofri.HighDim.ScalarCertificate.GammaPanel1780.rightBessels._proof_3 t=6690.448s
con-ron	Check every exported record in verified mode	2026-10-05T13:02:16.9338853Z con-ron: check 770000/1026192 theorem BecknerOnofri.HighDim.ScalarCertificate.GammaPanel1658.midBessels._proof_3 t=6781.152s
con-ron	Check every exported record in verified mode	2026-10-05T13:03:49.5508225Z con-ron: check 780000/1026192 definition BecknerOnofri.HighDim.ScalarCertificate.GammaPanel1632.pointGamma t=6873.770s
con-ron	Check every exported record in verified mode	2026-10-05T13:05:21.1118769Z con-ron: check 790000/1026192 theorem BecknerOnofri.HighDim.ScalarCertificate.GammaPanel1607.wholeDataAccepted t=6965.331s
con-ron	Check every exported record in verified mode	2026-10-05T13:06:53.9108220Z con-ron: check 800000/1026192 definition BecknerOnofri.HighDim.ScalarCertificate.GammaPanel1469.pointMinus t=7058.130s
con-ron	Check every exported record in verified mode	2026-10-05T13:08:25.8819054Z con-ron: check 810000/1026192 theorem BecknerOnofri.HighDim.ScalarCertificate.GammaPanel1444.leftBessels._proof_1 t=7150.099s
con-ron	Check every exported record in verified mode	2026-10-05T13:09:56.7558394Z con-ron: check 820000/1026192 definition BecknerOnofri.HighDim.ScalarCertificate.GammaPanel1322.wholeW2lower t=7240.975s
con-ron	Check every exported record in verified mode	2026-10-05T13:11:26.5608377Z con-ron: check 830000/1026192 definition BecknerOnofri.HighDim.ScalarCertificate.GammaPanel1296.pointW1upper t=7330.780s
con-ron	Check every exported record in verified mode	2026-10-05T13:12:56.8798700Z con-ron: check 840000/1026192 definition BecknerOnofri.HighDim.ScalarCertificate.GammaPanel1175.whole_pl t=7421.098s
con-ron	Check every exported record in verified mode	2026-10-05T13:14:29.2768277Z con-ron: check 850000/1026192 theorem BecknerOnofri.HighDim.ScalarCertificate.GammaPanel1141.midAccepted._proof_1_1 t=7513.495s
con-ron	Check every exported record in verified mode	2026-10-05T13:15:57.9588152Z con-ron: check 860000/1026192 theorem BecknerOnofri.HighDim.ScalarCertificate.BracketBatch0069.hi1109._proof_2 t=7602.176s
con-ron	Check every exported record in verified mode	2026-10-05T13:17:29.4379114Z con-ron: check 870000/1026192 definition BecknerOnofri.HighDim.ScalarCertificate.GammaPanel0986.wholeBase t=7693.656s
con-ron	Check every exported record in verified mode	2026-10-05T13:18:59.9598471Z con-ron: check 880000/1026192 definition BecknerOnofri.HighDim.ScalarCertificate.GammaPanel0960.pointMinus t=7784.178s
con-ron	Check every exported record in verified mode	2026-10-05T13:20:28.9599473Z con-ron: check 890000/1026192 theorem BecknerOnofri.HighDim.ScalarCertificate.GammaPanel0839.rightAccepted._proof_1_1 t=7873.180s
con-ron	Check every exported record in verified mode	2026-10-05T13:21:57.8718334Z con-ron: check 900000/1026192 theorem BecknerOnofri.HighDim.ScalarCertificate.GammaPanel0813.midBessels._proof_4 t=7962.088s
con-ron	Check every exported record in verified mode	2026-10-05T13:23:23.8158276Z con-ron: check 910000/1026192 theorem BecknerOnofri.HighDim.ScalarCertificate.BracketBatch0042.lo0677b1._proof_1 t=8048.034s
con-ron	Check every exported record in verified mode	2026-10-05T13:24:49.6118240Z con-ron: check 920000/1026192 theorem BecknerOnofri.HighDim.ScalarCertificate.GammaPanel0650.wholePlus._proof_1 t=8133.831s
con-ron	Check every exported record in verified mode	2026-10-05T13:26:15.6488222Z con-ron: check 930000/1026192 definition BecknerOnofri.HighDim.ScalarCertificate.GammaPanel0528.point_pl t=8219.866s
con-ron	Check every exported record in verified mode	2026-10-05T13:27:42.7748191Z con-ron: check 940000/1026192 definition BecknerOnofri.HighDim.ScalarCertificate.GammaPanel0503.leftBessels t=8306.993s
con-ron	Check every exported record in verified mode	2026-10-05T13:29:06.8128236Z con-ron: check 950000/1026192 definition BecknerOnofri.HighDim.ScalarCertificate.GammaPanel0477.wholeData t=8391.031s
con-ron	Check every exported record in verified mode	2026-10-05T13:30:31.6429185Z con-ron: check 960000/1026192 definition BecknerOnofri.HighDim.ScalarCertificate.GammaPanel0355.pointW2upper t=8475.863s
con-ron	Check every exported record in verified mode	2026-10-05T13:31:56.7268400Z con-ron: check 970000/1026192 definition BecknerOnofri.HighDim.ScalarCertificate.GammaPanel0330.whole_zl t=8560.944s
con-ron	Check every exported record in verified mode	2026-10-05T13:33:23.8058188Z con-ron: check 980000/1026192 theorem BecknerOnofri.HighDim.ScalarCertificate.GammaPanel0208.midAccepted._proof_1_1 t=8648.023s
con-ron	Check every exported record in verified mode	2026-10-05T13:34:47.8958511Z con-ron: check 990000/1026192 theorem BecknerOnofri.HighDim.ScalarCertificate.BracketBatch0011.hi0184._proof_3 t=8732.115s
con-ron	Check every exported record in verified mode	2026-10-05T13:36:12.5915565Z con-ron: check 1000000/1026192 definition BecknerOnofri.HighDim.ScalarCertificate.GammaPanel0061.whole_wl t=8816.811s
con-ron	Check every exported record in verified mode	2026-10-05T13:37:34.4361001Z con-ron: check 1010000/1026192 definition BecknerOnofri.HighDim.ScalarCertificate.GammaPanel0035.point_wl t=8898.656s
con-ron	Check every exported record in verified mode	2026-10-05T13:39:11.0685736Z con-ron: check 1020000/1026192 theorem BecknerOnofri.HighDim.DiagonalScalarBranch.branchPotential_analytic t=8995.288s
con-ron	Check every exported record in verified mode	2026-10-05T13:39:17.1353598Z con-ron: check done: 1026192/1026192 t=9001.355s (check 8976.382s)
con-ron	Check every exported record in verified mode	2026-10-05T13:39:17.1354439Z con-ron: done: parse 14.069s, install 10.904s, check 8976.382s, 4 workers t=9001.355s
con-ron	Check every exported record in verified mode	2026-10-05T13:39:17.1425463Z con-ron: accepted 1027308 declarations (--verified)
con-ron	Check every exported record in verified mode	2026-10-05T13:39:17.2847933Z 	Command being timed: ".tools/con-ron/target/release/con-ron --verified --jobs=4 --progress=10000 external-check/solution.ndjson"
con-ron	Check every exported record in verified mode	2026-10-05T13:39:17.2849066Z 	User time (seconds): 35426.51
con-ron	Check every exported record in verified mode	2026-10-05T13:39:17.2852554Z 	System time (seconds): 376.61
con-ron	Check every exported record in verified mode	2026-10-05T13:39:17.2853064Z 	Percent of CPU this job got: 397%
con-ron	Check every exported record in verified mode	2026-10-05T13:39:17.2853593Z 	Elapsed (wall clock) time (h:mm:ss or m:ss): 2:30:01
con-ron	Check every exported record in verified mode	2026-10-05T13:39:17.2854164Z 	Average shared text size (kbytes): 0
con-ron	Check every exported record in verified mode	2026-10-05T13:39:17.2854636Z 	Average unshared data size (kbytes): 0
con-ron	Check every exported record in verified mode	2026-10-05T13:39:17.2855096Z 	Average stack size (kbytes): 0
con-ron	Check every exported record in verified mode	2026-10-05T13:39:17.2855411Z 	Average total size (kbytes): 0
con-ron	Check every exported record in verified mode	2026-10-05T13:39:17.2855698Z 	Maximum resident set size (kbytes): 9594252
con-ron	Check every exported record in verified mode	2026-10-05T13:39:17.2856387Z 	Average resident set size (kbytes): 0
con-ron	Check every exported record in verified mode	2026-10-05T13:39:17.2857718Z 	Major (requiring I/O) page faults: 0
con-ron	Check every exported record in verified mode	2026-10-05T13:39:17.2858074Z 	Minor (reclaiming a frame) page faults: 48461707
con-ron	Check every exported record in verified mode	2026-10-05T13:39:17.2858434Z 	Voluntary context switches: 65
con-ron	Check every exported record in verified mode	2026-10-05T13:39:17.2858716Z 	Involuntary context switches: 5681011
con-ron	Check every exported record in verified mode	2026-10-05T13:39:17.2858995Z 	Swaps: 0
con-ron	Check every exported record in verified mode	2026-10-05T13:39:17.2859197Z 	File system inputs: 0
con-ron	Check every exported record in verified mode	2026-10-05T13:39:17.2859439Z 	File system outputs: 0
con-ron	Check every exported record in verified mode	2026-10-05T13:39:17.2859694Z 	Socket messages sent: 0
con-ron	Check every exported record in verified mode	2026-10-05T13:39:17.2859942Z 	Socket messages received: 0
con-ron	Check every exported record in verified mode	2026-10-05T13:39:17.2860199Z 	Signals delivered: 0
con-ron	Check every exported record in verified mode	2026-10-05T13:39:17.2860440Z 	Page size (bytes): 4096
con-ron	Check every exported record in verified mode	2026-10-05T13:39:17.2860675Z 	Exit status: 0
con-ron	Preserve verified-checker evidence	﻿2026-10-05T13:39:17.3230749Z ##[group]Run actions/upload-artifact@ea165f8d65b6e75b540449e92b4886f43607fa02
con-ron	Preserve verified-checker evidence	2026-10-05T13:39:17.3231195Z with:
con-ron	Preserve verified-checker evidence	2026-10-05T13:39:17.3231409Z   name: con-ron-evidence
con-ron	Preserve verified-checker evidence	2026-10-05T13:39:17.3231834Z   path: external-check/*.log
con-ron	Preserve verified-checker evidence	external-check/*.json
con-ron	Preserve verified-checker evidence	external-check/*.txt
con-ron	Preserve verified-checker evidence	external-check/*.sha256
con-ron	Preserve verified-checker evidence	
con-ron	Preserve verified-checker evidence	2026-10-05T13:39:17.3232317Z   if-no-files-found: warn
con-ron	Preserve verified-checker evidence	2026-10-05T13:39:17.3232558Z   compression-level: 6
con-ron	Preserve verified-checker evidence	2026-10-05T13:39:17.3232766Z   overwrite: false
con-ron	Preserve verified-checker evidence	2026-10-05T13:39:17.3232972Z   include-hidden-files: false
con-ron	Preserve verified-checker evidence	2026-10-05T13:39:17.3233212Z ##[endgroup]
con-ron	Preserve verified-checker evidence	2026-10-05T13:39:17.5063918Z (node:3701) [DEP0040] DeprecationWarning: The `punycode` module is deprecated. Please use a userland alternative instead.
con-ron	Preserve verified-checker evidence	2026-10-05T13:39:17.5065227Z (Use `node --trace-deprecation ...` to show where the warning was created)
con-ron	Preserve verified-checker evidence	2026-10-05T13:39:17.5245355Z With the provided path, there will be 13 files uploaded
con-ron	Preserve verified-checker evidence	2026-10-05T13:39:17.5246302Z Artifact name is valid!
con-ron	Preserve verified-checker evidence	2026-10-05T13:39:17.5247110Z Root directory input is valid!
con-ron	Preserve verified-checker evidence	2026-10-05T13:39:17.7256449Z Beginning upload of artifact content to blob storage
con-ron	Preserve verified-checker evidence	2026-10-05T13:39:17.7671736Z (node:3701) [DEP0169] DeprecationWarning: `url.parse()` behavior is not standardized and prone to errors that have security implications. Use the WHATWG URL API instead. CVEs are not issued for `url.parse()` vulnerabilities.
con-ron	Preserve verified-checker evidence	2026-10-05T13:39:17.7972489Z Uploaded bytes 18825
con-ron	Preserve verified-checker evidence	2026-10-05T13:39:17.8123460Z Finished uploading artifact content to blob storage!
con-ron	Preserve verified-checker evidence	2026-10-05T13:39:17.8124762Z SHA256 digest of uploaded artifact zip is 7477d55be65b63d164a17e4fd2dd8e7d4fe3e0330fb0981ecaaa41050f15322d
con-ron	Preserve verified-checker evidence	2026-10-05T13:39:17.8126454Z Finalizing artifact upload
con-ron	Preserve verified-checker evidence	2026-10-05T13:39:18.0693299Z Artifact con-ron-evidence.zip successfully finalized. Artifact ID 11348632269
con-ron	Preserve verified-checker evidence	2026-10-05T13:39:18.0695306Z Artifact con-ron-evidence has been successfully uploaded! Final size is 18825 bytes. Artifact ID is 11348632269
con-ron	Preserve verified-checker evidence	2026-10-05T13:39:18.0703396Z Artifact download URL: https://github.com/yuhaolei-ctrl/Sharp-Beckner-Onofri-inequalities-Lean/actions/runs/37300905046/artifacts/11348632269
con-ron	Post Run actions/checkout@11d5960a326750d5838078e36cf38b85af677262	﻿2026-10-05T13:39:18.0984711Z Post job cleanup.
con-ron	Post Run actions/checkout@11d5960a326750d5838078e36cf38b85af677262	2026-10-05T13:39:18.1888905Z [command]/usr/bin/git version
con-ron	Post Run actions/checkout@11d5960a326750d5838078e36cf38b85af677262	2026-10-05T13:39:18.1937683Z git version 2.55.0
con-ron	Post Run actions/checkout@11d5960a326750d5838078e36cf38b85af677262	2026-10-05T13:39:18.1980976Z Temporarily overriding HOME='/home/runner/work/_temp/a3db4705-e84f-4369-ad49-99f5aa65392a' before making global git config changes
con-ron	Post Run actions/checkout@11d5960a326750d5838078e36cf38b85af677262	2026-10-05T13:39:18.1982474Z Adding repository directory to the temporary git global config as a safe directory
con-ron	Post Run actions/checkout@11d5960a326750d5838078e36cf38b85af677262	2026-10-05T13:39:18.1989564Z [command]/usr/bin/git config --global --add safe.directory /home/runner/work/Sharp-Beckner-Onofri-inequalities-Lean/Sharp-Beckner-Onofri-inequalities-Lean
con-ron	Post Run actions/checkout@11d5960a326750d5838078e36cf38b85af677262	2026-10-05T13:39:18.2035934Z [command]/usr/bin/git config --local --name-only --get-regexp core\.sshCommand
con-ron	Post Run actions/checkout@11d5960a326750d5838078e36cf38b85af677262	2026-10-05T13:39:18.2081979Z [command]/usr/bin/git submodule foreach --recursive sh -c "git config --local --name-only --get-regexp 'core\.sshCommand' && git config --local --unset-all 'core.sshCommand' || :"
con-ron	Post Run actions/checkout@11d5960a326750d5838078e36cf38b85af677262	2026-10-05T13:39:18.2376107Z [command]/usr/bin/git config --local --name-only --get-regexp http\.https\:\/\/github\.com\/\.extraheader
con-ron	Post Run actions/checkout@11d5960a326750d5838078e36cf38b85af677262	2026-10-05T13:39:18.2413799Z http.https://github.com/.extraheader
con-ron	Post Run actions/checkout@11d5960a326750d5838078e36cf38b85af677262	2026-10-05T13:39:18.2427736Z [command]/usr/bin/git config --local --unset-all http.https://github.com/.extraheader
con-ron	Post Run actions/checkout@11d5960a326750d5838078e36cf38b85af677262	2026-10-05T13:39:18.2477650Z [command]/usr/bin/git submodule foreach --recursive sh -c "git config --local --name-only --get-regexp 'http\.https\:\/\/github\.com\/\.extraheader' && git config --local --unset-all 'http.https://github.com/.extraheader' || :"
con-ron	Post Run actions/checkout@11d5960a326750d5838078e36cf38b85af677262	2026-10-05T13:39:18.2772737Z [command]/usr/bin/git config --local --name-only --get-regexp ^includeIf\.gitdir:
con-ron	Post Run actions/checkout@11d5960a326750d5838078e36cf38b85af677262	2026-10-05T13:39:18.2822820Z [command]/usr/bin/git submodule foreach --recursive git config --local --show-origin --name-only --get-regexp remote.origin.url
con-ron	Complete job	﻿2026-10-05T13:39:18.3344336Z Cleaning up orphan processes
con-ron	Complete job	2026-10-05T13:39:18.3792093Z ##[warning]Node.js 20 is deprecated. The following actions target Node.js 20 but are being forced to run on Node.js 24: actions/checkout@11d5960a326750d5838078e36cf38b85af677262, actions/upload-artifact@ea165f8d65b6e75b540449e92b4886f43607fa02. For more information see: https://github.blog/changelog/2025-09-19-deprecation-of-node-20-on-github-actions-runners/
