
thread 'thread_0' has overflowed its stack
fatal runtime error: stack overflow, aborting
Command terminated by signal 6
	Command being timed: ".tools/nanoda/target/release/nanoda_bin external-check/nanoda-config.json"
	User time (seconds): 7697.07
	System time (seconds): 68.08
	Percent of CPU this job got: 191%
	Elapsed (wall clock) time (h:mm:ss or m:ss): 1:07:44
	Average shared text size (kbytes): 0
	Average unshared data size (kbytes): 0
	Average stack size (kbytes): 0
	Average total size (kbytes): 0
	Maximum resident set size (kbytes): 13158032
	Average resident set size (kbytes): 0
	Major (requiring I/O) page faults: 0
	Minor (reclaiming a frame) page faults: 6340355
	Voluntary context switches: 13279
	Involuntary context switches: 38747
	Swaps: 0
	File system inputs: 0
	File system outputs: 0
	Socket messages sent: 0
	Socket messages received: 0
	Signals delivered: 0
	Page size (bytes): 4096
	Exit status: 0
