info: lean4export: cloning https://github.com/leanprover/lean4export
info: lean4export: checking out revision 'a3e35a584f59b390667db7269cd37fca8575e4bf'
info: batteries: cloning https://github.com/leanprover-community/batteries
info: batteries: checking out revision '76e1c118b0700b4ceafe99532e887d6431625e1a'
✔ [2/11] Built Lean4Lean.List (341ms)
✔ [3/12] Built Lean4Lean.Declaration (485ms)
✔ [4/12] Built Lean4Lean.Expr (560ms)
✔ [5/13] Built Lean4Lean.Instantiate (405ms)
✔ [6/16] Built Lean4Lean.LocalContext (321ms)
✔ [7/18] Built Batteries.Tactic.OpenPrivate (903ms)
✔ [8/20] Built Lean4Lean.ForEachExprV (406ms)
✔ [9/20] Built Batteries.Tactic.SeqFocus (581ms)
✔ [10/22] Built Batteries.Tactic.Lint.Basic (760ms)
✔ [11/22] Built Batteries.Util.Panic (336ms)
✔ [12/22] Built Lean4Lean.PtrEq (361ms)
✔ [13/22] Built Lean4Lean.Environment.Basic (948ms)
✔ [14/22] Built Lean4Lean.FuelConfig (469ms)
✔ [15/31] Built Batteries.Tactic.Lint.Misc (800ms)
✔ [16/31] Built Lean4Lean.Quot (857ms)
✔ [17/31] Built Lean4Lean.Inductive.Reduce (779ms)
✔ [21/63] Built Lean4Lean.Declaration:c.o (170ms)
✔ [22/63] Built Batteries.CodeAction.Deprecated (991ms)
✔ [23/63] Built Lean4Lean.List:c.o (128ms)
✔ [24/63] Built Lean4Lean.Environment.Basic:c.o (393ms)
✔ [25/63] Built Lean4Lean.Level (4.0s)
✔ [26/63] Built Lean4Lean.Instantiate:c.o (96ms)
✔ [27/63] Built Lean4Lean.LocalContext:c.o (72ms)
✔ [28/63] Built Lean4Lean.Expr:c.o (428ms)
✔ [29/63] Built Batteries.Data.UnionFind.Basic (2.3s)
✔ [30/63] Built Lean4Lean.Quot:c.o (247ms)
✔ [31/63] Built Batteries.Tactic.OpenPrivate:c.o (1.1s)
✔ [32/63] Built Lean4Lean.ForEachExprV:c.o (157ms)
✔ [33/63] Built Lean4Lean.Inductive.Reduce:c.o (390ms)
✔ [34/63] Built Batteries.Util.Panic:c.o (70ms)
✔ [35/63] Built Lean4Lean.PtrEq:c.o (68ms)
✔ [36/63] Built Batteries.Tactic.SeqFocus:c.o (365ms)
✔ [37/63] Built Lean4Lean.FuelConfig:c.o (211ms)
✔ [38/63] Built Batteries.Tactic.Lint.Misc:c.o (665ms)
✔ [39/63] Built Batteries.Tactic.Lint.Basic:c.o (898ms)
✔ [40/63] Built Batteries.CodeAction.Deprecated:c.o (597ms)
✔ [41/63] Built Batteries.Data.UnionFind.Basic:c.o (334ms)
✔ [42/63] Built Batteries.Tactic.Alias (1.6s)
✔ [43/63] Built Export.Parse (2.4s)
✔ [44/63] Built Lean4Lean.Level:c.o (2.1s)
✔ [45/63] Built Lean4Lean.EquivManager (1.8s)
✔ [46/63] Built Lean4Lean.EquivManager:c.o (506ms)
✔ [47/63] Built Batteries.Tactic.Alias:c.o (2.4s)
✔ [48/63] Built Export.Parse:c.o (3.5s)
✔ [49/63] Built Batteries.Data.List.Basic (3.5s)
✔ [50/63] Built Lean4Lean.TypeChecker (4.1s)
✔ [51/63] Built Batteries.Data.List.Basic:c.o (1.8s)
✔ [52/63] Built Lean4Lean.Primitive (3.0s)
✔ [53/63] Built Lean4Lean.TypeChecker:c.o (3.4s)
✔ [54/63] Built Lean4Lean.Inductive.Add (3.7s)
✔ [55/63] Built Lean4Lean.Environment (1.7s)
✔ [56/63] Built Lean4Lean.Primitive:c.o (2.6s)
✔ [57/63] Built Lean4Lean.Environment:c.o (448ms)
✔ [58/63] Built Lean4Lean.Inductive.Add:c.o (2.9s)
✔ [59/63] Built Lean4Lean.Replay (1.6s)
✔ [60/63] Built Lean4Lean.Replay:c.o (629ms)
✔ [61/63] Built Main (893ms)
✔ [62/63] Built Main:c.o (290ms)
✔ [63/63] Built lean4lean:exe (721ms)
Build completed successfully (63 jobs).
