'BecknerOnofri.Target.density_endpoint' depends on axioms: [propext, Classical.choice, Quot.sound]
'BecknerOnofri.Target.density_rigidity' depends on axioms: [propext, Classical.choice, Quot.sound]
'BecknerOnofri.Target.potential_endpoint' depends on axioms: [propext, Classical.choice, Quot.sound]
'BecknerOnofri.Target.potential_rigidity' depends on axioms: [propext, Classical.choice, Quot.sound]
'BecknerOnofri.Target.pressure_threshold' depends on axioms: [propext, Classical.choice, Quot.sound]
'BecknerOnofri.Target.coefficient_threshold' depends on axioms: [propext, Classical.choice, Quot.sound]
'BecknerOnofri.Target.kappa_positive' depends on axioms: [propext, Classical.choice, Quot.sound]
'BecknerOnofri.Target.full_branch_onset' depends on axioms: [propext, Classical.choice, Quot.sound]
'BecknerOnofri.Target.pressure_onset' depends on axioms: [propext, Classical.choice, Quot.sound]
'BecknerOnofri.Target.coefficient_onset' depends on axioms: [propext, Classical.choice, Quot.sound]
'BecknerOnofri.Target.entropy_zero' depends on axioms: [propext, Classical.choice, Quot.sound]
'BecknerOnofri.Target.spectral_subcriticality' depends on axioms: [propext, Classical.choice, Quot.sound]
'BecknerOnofri.Target.uniform_equality' depends on axioms: [propext, Classical.choice, Quot.sound]
'BecknerOnofri.Target.local_exit_conditions' depends on axioms: [propext, Classical.choice, Quot.sound]
'BecknerOnofri.Target.initial_norm_arithmetic' depends on axioms: [propext, Classical.choice, Quot.sound]
'BecknerOnofri.Target.critical_exponential_integrability' depends on axioms: [propext, Classical.choice, Quot.sound]
'BecknerOnofri.Target.log_partition_regular' depends on axioms: [propext, Classical.choice, Quot.sound]
'BecknerOnofri.Target.three_symbol_count' depends on axioms: [propext, Classical.choice, Quot.sound]
'BecknerOnofri.Target.bessel_series_quartic' depends on axioms: [propext, Classical.choice, Quot.sound]
'BecknerOnofri.Target.centered_exponential_bound' depends on axioms: [propext, Classical.choice, Quot.sound]
'BecknerOnofri.Target.subcritical_dual_attainment' depends on axioms: [propext, Classical.choice, Quot.sound]
'BecknerOnofri.Target.circle_partition_quartic' depends on axioms: [propext, Classical.choice, Quot.sound]
'BecknerOnofri.Target.spectral_slice' depends on axioms: [propext, Classical.choice, Quot.sound]
'BecknerOnofri.Target.rectangular_lattice' depends on axioms: [propext, Classical.choice, Quot.sound]
'BecknerOnofri.Target.coefficient_sharpness' depends on axioms: [propext, Classical.choice, Quot.sound]
'BecknerOnofri.Target.finite_entropy_energy' depends on axioms: [propext, Classical.choice, Quot.sound]
'BecknerOnofri.Target.pressure_duality' depends on axioms: [propext, Classical.choice, Quot.sound]
'BecknerOnofri.Target.subcritical_pressure_finite' depends on axioms: [propext, Classical.choice, Quot.sound]
'BecknerOnofri.Target.pressure_sharpness' depends on axioms: [propext, Classical.choice, Quot.sound]
'BecknerOnofri.Target.entropy_shearer' depends on axioms: [propext, Classical.choice, Quot.sound]
'BecknerOnofri.Target.first_shell_moments' depends on axioms: [propext, Classical.choice, Quot.sound]
'BecknerOnofri.Target.spin_vertex_bound' depends on axioms: [propext, Classical.choice, Quot.sound]
'BecknerOnofri.Target.spin_vertex_maximizer' depends on axioms: [propext, Classical.choice, Quot.sound]
'BecknerOnofri.Target.spin_correcting_bounds' depends on axioms: [propext, Classical.choice, Quot.sound]
'BecknerOnofri.Target.spin_matrix_positive' depends on axioms: [propext, Classical.choice, Quot.sound]
'BecknerOnofri.Target.spin_small_mean_arithmetic' depends on axioms: [propext, Classical.choice, Quot.sound]
'BecknerOnofri.Target.spin_exchangeable_entropy' depends on axioms: [propext, Classical.choice, Quot.sound]
'BecknerOnofri.Target.spin_channel_probability' depends on axioms: [propext, Classical.choice, Quot.sound]
'BecknerOnofri.Target.spin_channel_joint_moment' depends on axioms: [propext, Classical.choice, Quot.sound]
'BecknerOnofri.Target.spin_exchangeable_energy' depends on axioms: [propext, Classical.choice, Quot.sound]
'BecknerOnofri.Target.spin_fixed_mean_curvature' depends on axioms: [propext, Classical.choice, Quot.sound]
'BecknerOnofri.Target.spin_all_mean_curvature' depends on axioms: [propext, Classical.choice, Quot.sound]
'BecknerOnofri.Target.spin_supporting_parabola' depends on axioms: [propext, Classical.choice, Quot.sound]
'BecknerOnofri.Target.spin_fixed_mean_entropy_convexity' depends on axioms: [propext, Classical.choice, Quot.sound]
'BecknerOnofri.Target.spin_finite_gibbs' depends on axioms: [propext, Classical.choice, Quot.sound]
'BecknerOnofri.Target.spin_centered_log_mgf' depends on axioms: [propext, Classical.choice, Quot.sound]
'BecknerOnofri.Target.spin_binary_cost_quartic' depends on axioms: [propext, Classical.choice, Quot.sound]
'BecknerOnofri.Target.spin_product_feasible' depends on axioms: [propext, Classical.choice, Quot.sound]
'BecknerOnofri.Target.spin_product_entropy_energy' depends on axioms: [propext, Classical.choice, Quot.sound]
'BecknerOnofri.Target.spin_product_quartic_baseline' depends on axioms: [propext, Classical.choice, Quot.sound]
'BecknerOnofri.Target.spin_small_mean' depends on axioms: [propext, Classical.choice, Quot.sound]
'BecknerOnofri.Target.spin_product_gradient_bounds' depends on axioms: [propext, Classical.choice, Quot.sound]
'BecknerOnofri.Target.spin_large_mean_ingredients' depends on axioms: [propext, Classical.choice, Quot.sound]
'BecknerOnofri.Target.spin_interval_certificate' depends on axioms: [propext, Classical.choice, Quot.sound]
'BecknerOnofri.Target.spin_binary_cost_upper' depends on axioms: [propext, Classical.choice, Quot.sound]
'BecknerOnofri.Target.circle_scalar_minimum' depends on axioms: [propext, Classical.choice, Quot.sound]
'BecknerOnofri.Target.circle_small_mean_algebra' depends on axioms: [propext, Classical.choice, Quot.sound]
'BecknerOnofri.Target.circle_weight_enclosure' depends on axioms: [propext, Classical.choice, Quot.sound]
'BecknerOnofri.Target.circle_small_mean_weighted' depends on axioms: [propext, Classical.choice, Quot.sound]
'BecknerOnofri.Target.circle_bessel_derivative' depends on axioms: [propext, Classical.choice, Quot.sound]
'BecknerOnofri.Target.circle_bessel_monotonicity' depends on axioms: [propext, Classical.choice, Quot.sound]
'BecknerOnofri.Target.circle_bessel_riccati' depends on axioms: [propext, Classical.choice, Quot.sound]
'BecknerOnofri.Target.circle_bessel_supersolution' depends on axioms: [propext, Classical.choice, Quot.sound]
'BecknerOnofri.Target.circle_parameter_bounds' depends on axioms: [propext, Classical.choice, Quot.sound]
'BecknerOnofri.Target.circle_rate_quartic' depends on axioms: [propext, Classical.choice, Quot.sound]
'BecknerOnofri.Target.circle_gamma_minimum' depends on axioms: [propext, Classical.choice, Quot.sound]
'BecknerOnofri.Target.circle_gamma_small' depends on axioms: [propext, Classical.choice, Quot.sound]
'BecknerOnofri.Target.spin_mixture_feasible' depends on axioms: [propext, Classical.choice, Quot.sound]
'BecknerOnofri.Target.spin_channel_symmetry' depends on axioms: [propext, Classical.choice, Quot.sound]
'BecknerOnofri.Target.spin_channel_mean' depends on axioms: [propext, Classical.choice, Quot.sound]
'BecknerOnofri.Target.spin_small_mean_gamma' depends on axioms: [propext, Classical.choice, Quot.sound]
'BecknerOnofri.Target.circle_gamma_final_range' depends on axioms: [propext, Classical.choice, Quot.sound]
'BecknerOnofri.Target.circle_bessel_enclosure' depends on axioms: [propext, Classical.choice, Quot.sound]
'BecknerOnofri.Target.circle_bessel_ratio_enclosure' depends on axioms: [propext, Classical.choice, Quot.sound]
'BecknerOnofri.Target.circle_parameter_bracket' depends on axioms: [propext, Classical.choice, Quot.sound]
'BecknerOnofri.Target.circle_weight_closed_form' depends on axioms: [propext, Classical.choice, Quot.sound]
'BecknerOnofri.Target.circle_logconvex_comparison' depends on axioms: [propext, Classical.choice, Quot.sound]
'BecknerOnofri.Target.circle_entropy_rate_lower' depends on axioms: [propext, Classical.choice, Quot.sound]
'BecknerOnofri.Target.circle_weight_integral' depends on axioms: [propext, Classical.choice, Quot.sound]
'BecknerOnofri.Target.circle_gamma_entropy_reduction' depends on axioms: [propext, Classical.choice, Quot.sound]
'BecknerOnofri.Target.circle_hardy_fisher_bound' depends on axioms: [propext, Classical.choice, Quot.sound]
'BecknerOnofri.Target.circle_poisson_kernel' depends on axioms: [propext, Classical.choice, Quot.sound]
'BecknerOnofri.Target.circle_poisson_bounds' depends on axioms: [propext, Classical.choice, Quot.sound]
'BecknerOnofri.Target.circle_poisson_deviation' depends on axioms: [propext, Classical.choice, Quot.sound]
'BecknerOnofri.Target.circle_poisson_weight_integral' depends on axioms: [propext, Classical.choice, Quot.sound]
'BecknerOnofri.Target.circle_outer_factorization' depends on axioms: [propext, Classical.choice, Quot.sound]
'BecknerOnofri.Target.circle_outer_autocorrelation' depends on axioms: [propext, Classical.choice, Quot.sound]
'BecknerOnofri.Target.circle_smooth_outer_factorization' depends on axioms: [propext, Classical.choice, Quot.sound]
'BecknerOnofri.Target.circle_smooth_fourier_summability' depends on axioms: [propext, Classical.choice, Quot.sound]
'BecknerOnofri.Target.circle_density_hardy_bound' depends on axioms: [propext, Classical.choice, Quot.sound]
'BecknerOnofri.Target.circle_poisson_multiplier' depends on axioms: [propext, Classical.choice, Quot.sound]
'BecknerOnofri.Target.circle_poisson_flow' depends on axioms: [propext, Classical.choice, Quot.sound]
'BecknerOnofri.Target.circle_fisher_representation' depends on axioms: [propext, Classical.choice, Quot.sound]
'BecknerOnofri.Target.circle_fisher_dissipation' depends on axioms: [propext, Classical.choice, Quot.sound]
'BecknerOnofri.Target.circle_lambda_self_adjoint' depends on axioms: [propext, Classical.choice, Quot.sound]
'BecknerOnofri.Target.circle_poisson_generator' depends on axioms: [propext, Classical.choice, Quot.sound]
'BecknerOnofri.Target.circle_poisson_entropy_derivative' depends on axioms: [propext, Classical.choice, Quot.sound]
'BecknerOnofri.Target.circle_poisson_deficit_dissipation' depends on axioms: [propext, Classical.choice, Quot.sound]
'BecknerOnofri.Target.circle_poisson_deficit_control' depends on axioms: [propext, Classical.choice, Quot.sound]
'BecknerOnofri.Target.circle_poisson_initial_continuity' depends on axioms: [propext, Classical.choice, Quot.sound]
'BecknerOnofri.Target.circle_poisson_integrated_dissipation' depends on axioms: [propext, Classical.choice, Quot.sound]
'BecknerOnofri.Target.circle_entropy_remainder' depends on axioms: [propext, Classical.choice, Quot.sound]
'BecknerOnofri.Target.circle_gamma_actual_density' depends on axioms: [propext, Classical.choice, Quot.sound]
'BecknerOnofri.Target.conditional_circle_probability' depends on axioms: [propext, Classical.choice, Quot.sound]
'BecknerOnofri.Target.conditional_entropy_chain' depends on axioms: [propext, Classical.choice, Quot.sound]
'BecknerOnofri.Target.conditional_cosine_moments' depends on axioms: [propext, Classical.choice, Quot.sound]
'BecknerOnofri.Target.conditional_convex_jensen' depends on axioms: [propext, Classical.choice, Quot.sound]
'BecknerOnofri.Target.logarithmic_marginal_shape' depends on axioms: [propext, Classical.choice, Quot.sound]
'BecknerOnofri.Target.spin_posterior_entropy' depends on axioms: [propext, Classical.choice, Quot.sound]
'BecknerOnofri.Target.spin_channel_conditional_entropy' depends on axioms: [propext, Classical.choice, Quot.sound]
'BecknerOnofri.Target.spin_count_conditional_entropy' depends on axioms: [propext, Classical.choice, Quot.sound]
'BecknerOnofri.Target.conditional_logarithmic_profile' depends on axioms: [propext, Classical.choice, Quot.sound]
'BecknerOnofri.Target.conditional_fourier_smoothness' depends on axioms: [propext, Classical.choice, Quot.sound]
'BecknerOnofri.Target.conditional_circle_gamma' depends on axioms: [propext, Classical.choice, Quot.sound]
'BecknerOnofri.Target.spin_channel_gamma_entropy' depends on axioms: [propext, Classical.choice, Quot.sound]
'BecknerOnofri.Target.scalar_tail_small' depends on axioms: [propext, Classical.choice, Quot.sound]
'BecknerOnofri.Target.scalar_tail_monotonicity' depends on axioms: [propext, Classical.choice, Quot.sound]
'BecknerOnofri.Target.scalar_tail_heat_reduction' depends on axioms: [propext, Classical.choice, Quot.sound]
'BecknerOnofri.Target.scalar_heat_series' depends on axioms: [propext, Classical.choice, Quot.sound]
'BecknerOnofri.Target.scalar_heat_large_bounds' depends on axioms: [propext, Classical.choice, Quot.sound]
'BecknerOnofri.Target.scalar_heat_global_bound' depends on axioms: [propext, Classical.choice, Quot.sound]
'BecknerOnofri.Target.scalar_heat_panel' depends on axioms: [propext, Classical.choice, Quot.sound]
'BecknerOnofri.Target.scalar_heat_infinite_tail' depends on axioms: [propext, Classical.choice, Quot.sound]
'BecknerOnofri.Target.scalar_heat_derivative' depends on axioms: [propext, Classical.choice, Quot.sound]
'BecknerOnofri.Target.scalar_heat_log_growth' depends on axioms: [propext, Classical.choice, Quot.sound]
'BecknerOnofri.Target.scalar_unequal_indices' depends on axioms: [propext, Classical.choice, Quot.sound]
'BecknerOnofri.Target.scalar_harmonic_tail' depends on axioms: [propext, Classical.choice, Quot.sound]
'BecknerOnofri.Target.scalar_to_countable_mixture' depends on axioms: [propext, Classical.choice, Quot.sound]
'BecknerOnofri.Target.entropy_route_density_endpoint' depends on axioms: [propext, Classical.choice, Quot.sound]
'BecknerOnofri.Target.scalar_tail_all' depends on axioms: [propext, Classical.choice, Quot.sound]
'BecknerOnofri.Target.entropy_route_endpoint_from_spin' depends on axioms: [propext, Classical.choice, Quot.sound]
'BecknerOnofri.Target.eleven_profile_regular' depends on axioms: [propext, Classical.choice, Quot.sound]
'BecknerOnofri.Target.eleven_competitor_entropy' depends on axioms: [propext, Classical.choice, Quot.sound]
'BecknerOnofri.Target.eleven_competitor_energy' depends on axioms: [propext, Classical.choice, Quot.sound]
'BecknerOnofri.Target.eleven_spectral_pressure' depends on axioms: [propext, Classical.choice, Quot.sound]
'BecknerOnofri.Target.eleven_transition_interval' depends on axioms: [propext, Classical.choice, Quot.sound]
'BecknerOnofri.Target.eleven_uniform_unique' depends on axioms: [propext, Classical.choice, Quot.sound]
'BecknerOnofri.Target.eleven_coexistence' depends on axioms: [propext, Classical.choice, Quot.sound]
'BecknerOnofri.Target.eleven_uniform_hessian' depends on axioms: [propext, Classical.choice, Quot.sound]
'BecknerOnofri.Target.eleven_pressure_corner' depends on axioms: [propext, Classical.choice, Quot.sound]
'BecknerOnofri.Target.eleven_defect_corner' depends on axioms: [propext, Classical.choice, Quot.sound]
'BecknerOnofri.Target.eleven_spectral_constants' depends on axioms: [propext, Classical.choice, Quot.sound]
'BecknerOnofri.Target.low_density_endpoint' depends on axioms: [propext, Classical.choice, Quot.sound]
'BecknerOnofri.Target.low_potential_endpoint' depends on axioms: [propext, Classical.choice, Quot.sound]
'BecknerOnofri.Target.low_density_rigidity' depends on axioms: [propext, Classical.choice, Quot.sound]
'BecknerOnofri.Target.low_potential_rigidity' depends on axioms: [propext, Classical.choice, Quot.sound]
'BecknerOnofri.Target.low_circle_potential' depends on axioms: [propext, Classical.choice, Quot.sound]
'BecknerOnofri.Target.low_circle_density' depends on axioms: [propext, Classical.choice, Quot.sound]
'BecknerOnofri.Target.low_coefficient_sharp' depends on axioms: [propext, Classical.choice, Quot.sound]
'BecknerOnofri.Target.low_pressure_formula' depends on axioms: [propext, Classical.choice, Quot.sound]
'BecknerOnofri.Target.low_coefficient_formula' depends on axioms: [propext, Classical.choice, Quot.sound]
'BecknerOnofri.Target.low_physical_density_endpoint' depends on axioms: [propext, Classical.choice, Quot.sound]
'BecknerOnofri.Target.eleven_scalar_finite' depends on axioms: [propext, Classical.choice, Quot.sound]
'BecknerOnofri.Target.eleven_scalar_all' depends on axioms: [propext, Classical.choice, Quot.sound]
'BecknerOnofri.Target.eleven_theta_integral' depends on axioms: [propext, Classical.choice, Quot.sound]
'BecknerOnofri.Target.student_beta_integral' depends on axioms: [propext, Classical.choice, Quot.sound]
'BecknerOnofri.Target.eleven_profile_mass' depends on axioms: [propext, Classical.choice, Quot.sound]
'BecknerOnofri.Target.eleven_euclidean_entropy' depends on axioms: [propext, Classical.choice, Quot.sound]
'BecknerOnofri.Target.eleven_coordinate_marginal' depends on axioms: [propext, Classical.choice, Quot.sound]
'BecknerOnofri.Target.eleven_entropy_chain' depends on axioms: [propext, Classical.choice, Quot.sound]
'BecknerOnofri.Target.eleven_label_moment' depends on axioms: [propext, Classical.choice, Quot.sound]
'BecknerOnofri.Target.eleven_coordinate_label_entropy' depends on axioms: [propext, Classical.choice, Quot.sound]
'BecknerOnofri.Target.eleven_label_entropy_chain' depends on axioms: [propext, Classical.choice, Quot.sound]
'BecknerOnofri.Target.eleven_competitor_entropy_fine' depends on axioms: [propext, Classical.choice, Quot.sound]
'BecknerOnofri.Target.eleven_half_integer_laplace' depends on axioms: [propext, Classical.choice, Quot.sound]
'BecknerOnofri.Target.eleven_euclidean_fourier' depends on axioms: [propext, Classical.choice, Quot.sound]
'BecknerOnofri.Target.eleven_periodized_fourier' depends on axioms: [propext, Classical.choice, Quot.sound]
'BecknerOnofri.Target.eleven_curve_convexity' depends on axioms: [propext, Classical.choice, Quot.sound]
'BecknerOnofri.Target.eleven_pressure_derivative_jump' depends on axioms: [propext, Classical.choice, Quot.sound]
'BecknerOnofri.Target.eleven_defect_derivative_jump' depends on axioms: [propext, Classical.choice, Quot.sound]
'BecknerOnofri.Target.finite_entropy_physical_bound' depends on axioms: [propext, Classical.choice, Quot.sound]
'BecknerOnofri.Target.heat_regularization_smooth' depends on axioms: [propext, Classical.choice, Quot.sound]
'BecknerOnofri.Target.heat_interaction_limit' depends on axioms: [propext, Classical.choice, Quot.sound]
'BecknerOnofri.Target.eleven_local_uniqueness' depends on axioms: [propext, Classical.choice, Quot.sound]
'BecknerOnofri.Target.closed_cube_positive_taylor' depends on axioms: [propext, Classical.choice, Quot.sound]
'BecknerOnofri.Target.pressure_smooth_sup' depends on axioms: [propext, Classical.choice, Quot.sound]
'BecknerOnofri.Target.heat_entropy_limit' depends on axioms: [propext, Classical.choice, Quot.sound]
'BecknerOnofri.Target.heat_l1_limit' depends on axioms: [propext, Classical.choice, Quot.sound]
'BecknerOnofri.Target.low_scalar_gap' depends on axioms: [propext, Classical.choice, Quot.sound]
'BecknerOnofri.Target.low_hypergeometric_identity' depends on axioms: [propext, Classical.choice, Quot.sound]
'BecknerOnofri.Target.low_harmonic_identity' depends on axioms: [propext, Classical.choice, Quot.sound]
'BecknerOnofri.Target.low_theta_integral' depends on axioms: [propext, Classical.choice, Quot.sound]
'BecknerOnofri.Target.low_theta_dimension_bound' depends on axioms: [propext, Classical.choice, Quot.sound]
'BecknerOnofri.Target.first_shell_order_parameter' depends on axioms: [propext, Classical.choice, Quot.sound]
'BecknerOnofri.Target.order_parameter_onset' depends on axioms: [propext, Classical.choice, Quot.sound]
'BecknerOnofri.Target.pressure_derivative_at_threshold' depends on axioms: [propext, Classical.choice, Quot.sound]
'BecknerOnofri.Target.finite_entropy_green_potential' depends on axioms: [propext, Classical.choice, Quot.sound]
'BecknerOnofri.Target.primal_gap_identity' depends on axioms: [propext, Classical.choice, Quot.sound]
'BecknerOnofri.Target.dual_gap_identity' depends on axioms: [propext, Classical.choice, Quot.sound]
'BecknerOnofri.Target.local_quartic_signs' depends on axioms: [propext, Classical.choice, Quot.sound]
'BecknerOnofri.Target.local_quartic_pressure_order' depends on axioms: [propext, Classical.choice, Quot.sound]
'BecknerOnofri.Target.pressure_first_derivative_limits' depends on axioms: [propext, Classical.choice, Quot.sound]
'BecknerOnofri.Target.pressure_second_derivative_limits' depends on axioms: [propext, Classical.choice, Quot.sound]
'BecknerOnofri.Target.pressure_first_derivative_expansion' depends on axioms: [propext, Classical.choice, Quot.sound]
'BecknerOnofri.Target.pressure_second_derivative_expansion' depends on axioms: [propext, Classical.choice, Quot.sound]
'BecknerOnofri.Target.pressure_concentration_divergence' depends on axioms: [propext, Classical.choice, Quot.sound]
'BecknerOnofri.Target.coefficient_concentration_divergence' depends on axioms: [propext, Classical.choice, Quot.sound]
'BecknerOnofri.Target.general_pressure_geometry' depends on axioms: [propext, Classical.choice, Quot.sound]
'BecknerOnofri.Target.general_coefficient_geometry' depends on axioms: [propext, Classical.choice, Quot.sound]
'BecknerOnofri.Target.interaction_physical_positive' depends on axioms: [propext, Classical.choice, Quot.sound]
'BecknerOnofri.Target.general_transition_quotient' depends on axioms: [propext, Classical.choice, Quot.sound]
'BecknerOnofri.Target.general_pressure_zero_set' depends on axioms: [propext, Classical.choice, Quot.sound]
'BecknerOnofri.Target.general_coefficient_zero_set' depends on axioms: [propext, Classical.choice, Quot.sound]
'BecknerOnofri.Target.general_threshold_bounds' depends on axioms: [propext, Classical.choice, Quot.sound]
'BecknerOnofri.Target.eleven_unscaled_fourier' depends on axioms: [propext, Classical.choice, Quot.sound]
'BecknerOnofri.Target.coordinate_marginal_entropy' depends on axioms: [propext, Classical.choice, Quot.sound]
'BecknerOnofri.Target.entropy_shearer_all_subsets' depends on axioms: [propext, Classical.choice, Quot.sound]
'BecknerOnofri.Target.circle_entropy_full_domain' depends on axioms: [propext, Classical.choice, Quot.sound]
'BecknerOnofri.Target.cosine_mixture_deletion_energy' depends on axioms: [propext, Classical.choice, Quot.sound]
'BecknerOnofri.Target.cosine_mixture_subset_energy' depends on axioms: [propext, Classical.choice, Quot.sound]
'BecknerOnofri.Target.primal_extremizer_correspondence' depends on axioms: [propext, Classical.choice, Quot.sound]
'BecknerOnofri.Target.dual_extremizer_correspondence' depends on axioms: [propext, Classical.choice, Quot.sound]
'BecknerOnofri.Target.optimizer_euler_equation' depends on axioms: [propext, Classical.choice, Quot.sound]
'BecknerOnofri.Target.optimizer_smooth_kirkwood' depends on axioms: [propext, Classical.choice, Quot.sound]
'BecknerOnofri.Target.all_optimizer_cubic_symmetry' depends on axioms: [propext, Classical.choice, Quot.sound]
'BecknerOnofri.Target.smooth_mixture_singular_tail' depends on axioms: [propext, Classical.choice, Quot.sound]
'BecknerOnofri.Target.global_shape_entropy' depends on axioms: [propext, Classical.choice, Quot.sound]
'BecknerOnofri.Target.global_spin_entropy' depends on axioms: [propext, Classical.choice, Quot.sound]
'BecknerOnofri.Target.circle_rearrangement' depends on axioms: [propext, Classical.choice, Quot.sound]
'BecknerOnofri.Target.critical_adams_bound' depends on axioms: [propext, Classical.choice, Quot.sound]
'BecknerOnofri.Target.pressure_at_collapse_finite' depends on axioms: [propext, Classical.choice, Quot.sound]
'BecknerOnofri.Target.coefficient_at_collapse_finite' depends on axioms: [propext, Classical.choice, Quot.sound]
'BecknerOnofri.Target.smooth_fourier_moments' depends on axioms: [propext, Classical.choice, Quot.sound]
'BecknerOnofri.Target.smooth_sobolev_domain' depends on axioms: [propext, Classical.choice, Quot.sound]
'BecknerOnofri.Target.local_continuous_quartic_reduction' depends on axioms: [propext, Classical.choice, Quot.sound]
'BecknerOnofri.Target.local_fullmode_stationary_hessian' depends on axioms: [propext, Classical.choice, Quot.sound]
'BecknerOnofri.Target.smooth_angular_power' depends on axioms: [propext, Classical.choice, Quot.sound]
'BecknerOnofri.Target.local_supported_stationary_branch' depends on axioms: [propext, Classical.choice, Quot.sound]
'BecknerOnofri.Target.local_supported_energy_family' depends on axioms: [propext, Classical.choice, Quot.sound]
'BecknerOnofri.Target.local_equal_active_fourier_modes' depends on axioms: [propext, Classical.choice, Quot.sound]
'BecknerOnofri.Target.local_supported_classification' depends on axioms: [propext, Classical.choice, Quot.sound]
'BecknerOnofri.Target.local_proper_support_saddle' depends on axioms: [propext, Classical.choice, Quot.sound]
'BecknerOnofri.Target.local_fullmode_morse_bott' depends on axioms: [propext, Classical.choice, Quot.sound]
'BecknerOnofri.Target.local_stable_supported_classification' depends on axioms: [propext, Classical.choice, Quot.sound]
'BecknerOnofri.Target.local_sobolev_quadratic_slaving' depends on axioms: [propext, Classical.choice, Quot.sound]
'BecknerOnofri.Target.local_sobolev_analytic_graph' depends on axioms: [propext, Classical.choice, Quot.sound]
'BecknerOnofri.Target.local_active_squared_hessian' depends on axioms: [propext, Classical.choice, Quot.sound]
'BecknerOnofri.Target.prescribed_equimeasurable_selection' depends on axioms: [propext, Classical.choice, Quot.sound]
'BecknerOnofri.Target.prescribed_canonical_selection' depends on axioms: [propext, Classical.choice, Quot.sound]
'BecknerOnofri.Target.smooth_monotone_euler_cosine' depends on axioms: [propext, Classical.choice, Quot.sound]
'BecknerOnofri.Target.spatial_form_closability' depends on axioms: [propext, Classical.choice, Quot.sound]
'BecknerOnofri.Target.angular_closed_form_conjugation' depends on axioms: [propext, Classical.choice, Quot.sound]
'BecknerOnofri.Target.spatial_jacobi_spectral_identification' depends on axioms: [propext, Classical.choice, Quot.sound]
'BecknerOnofri.Target.spatial_jacobi_selfadjoint' depends on axioms: [propext, Classical.choice, Quot.sound]
'BecknerOnofri.Target.mixed_tensor_spatial_form_domain' depends on axioms: [propext, Classical.choice, Quot.sound]
'BecknerOnofri.Target.mixed_tensor_spatial_operator' depends on axioms: [propext, Classical.choice, Quot.sound]
'BecknerOnofri.Target.mixed_chebyshev_spatial_eigenvectors' depends on axioms: [propext, Classical.choice, Quot.sound]
'BecknerOnofri.Target.mixed_spatial_form_closability' depends on axioms: [propext, Classical.choice, Quot.sound]
'BecknerOnofri.Target.mixed_spatial_operator_closed' depends on axioms: [propext, Classical.choice, Quot.sound]
'BecknerOnofri.Target.active_spatial_spectral_identification' depends on axioms: [propext, Classical.choice, Quot.sound]
'BecknerOnofri.Target.active_spatial_selfadjoint' depends on axioms: [propext, Classical.choice, Quot.sound]
'BecknerOnofri.Target.mixed_full_spatial_eigenvectors' depends on axioms: [propext, Classical.choice, Quot.sound]
'BecknerOnofri.Target.mixed_coordinate_spectral_totality' depends on axioms: [propext, Classical.choice, Quot.sound]
'BecknerOnofri.Target.periodic_full_hilbert_basis' depends on axioms: [propext, Classical.choice, Quot.sound]
'BecknerOnofri.Target.mixed_spatial_spectral_identification' depends on axioms: [propext, Classical.choice, Quot.sound]
'BecknerOnofri.Target.mixed_spatial_selfadjoint' depends on axioms: [propext, Classical.choice, Quot.sound]
'BecknerOnofri.Target.fractional_intertwining' depends on axioms: [propext, Classical.choice, Quot.sound]
