replay	Set up job	﻿2026-10-05T05:16:05.6638563Z Current runner version: '2.337.0'
replay	Set up job	2026-10-05T05:16:05.6663645Z ##[group]Runner Image Provisioner
replay	Set up job	2026-10-05T05:16:05.6664606Z Hosted Compute Agent
replay	Set up job	2026-10-05T05:16:05.6665222Z Version: 20260901.588
replay	Set up job	2026-10-05T05:16:05.6665981Z Commit: f88ec8081b781fac6c440065ac7ff9e710ce3d0b
replay	Set up job	2026-10-05T05:16:05.6666736Z Build Date: 2026-09-01T19:56:44Z
replay	Set up job	2026-10-05T05:16:05.6667475Z Worker ID: {0046d4f0-69de-42c6-8827-ab8ab0e5f290}
replay	Set up job	2026-10-05T05:16:05.6668274Z Azure Region: westus2
replay	Set up job	2026-10-05T05:16:05.6668891Z ##[endgroup]
replay	Set up job	2026-10-05T05:16:05.6670545Z ##[group]Operating System
replay	Set up job	2026-10-05T05:16:05.6671217Z Ubuntu
replay	Set up job	2026-10-05T05:16:05.6671768Z 24.04.5
replay	Set up job	2026-10-05T05:16:05.6672437Z LTS
replay	Set up job	2026-10-05T05:16:05.6673403Z ##[endgroup]
replay	Set up job	2026-10-05T05:16:05.6674105Z ##[group]Runner Image
replay	Set up job	2026-10-05T05:16:05.6674734Z Image: ubuntu-24.04
replay	Set up job	2026-10-05T05:16:05.6675334Z Version: 20260927.320.1
replay	Set up job	2026-10-05T05:16:05.6676474Z Included Software: https://github.com/actions/runner-images/blob/ubuntu24/20260927.320/images/ubuntu/Ubuntu2404-Readme.md
replay	Set up job	2026-10-05T05:16:05.6678299Z Image Release: https://github.com/actions/runner-images/releases/tag/ubuntu24%2F20260927.320
replay	Set up job	2026-10-05T05:16:05.6679304Z ##[endgroup]
replay	Set up job	2026-10-05T05:16:05.6680478Z ##[group]GITHUB_TOKEN Permissions
replay	Set up job	2026-10-05T05:16:05.6682918Z Contents: read
replay	Set up job	2026-10-05T05:16:05.6683591Z Metadata: read
replay	Set up job	2026-10-05T05:16:05.6684272Z ##[endgroup]
replay	Set up job	2026-10-05T05:16:05.6686285Z Secret source: Actions
replay	Set up job	2026-10-05T05:16:05.6687417Z Cache mode: write
replay	Set up job	2026-10-05T05:16:05.6688168Z Prepare workflow directory
replay	Set up job	2026-10-05T05:16:05.7034568Z Prepare all required actions
replay	Set up job	2026-10-05T05:16:05.7107875Z Getting action download info
replay	Set up job	2026-10-05T05:16:06.0628544Z Download action repository 'actions/checkout@11d5960a326750d5838078e36cf38b85af677262' (SHA:11d5960a326750d5838078e36cf38b85af677262)
replay	Set up job	2026-10-05T05:16:06.1757334Z Download action repository 'actions/upload-artifact@ea165f8d65b6e75b540449e92b4886f43607fa02' (SHA:ea165f8d65b6e75b540449e92b4886f43607fa02)
replay	Set up job	2026-10-05T05:16:06.3807734Z Complete job name: replay
replay	Run actions/checkout@11d5960a326750d5838078e36cf38b85af677262	﻿2026-10-05T05:16:06.4560195Z ##[group]Run actions/checkout@11d5960a326750d5838078e36cf38b85af677262
replay	Run actions/checkout@11d5960a326750d5838078e36cf38b85af677262	2026-10-05T05:16:06.4561634Z with:
replay	Run actions/checkout@11d5960a326750d5838078e36cf38b85af677262	2026-10-05T05:16:06.4562284Z   repository: yuhaolei-ctrl/Sharp-Beckner-Onofri-inequalities-Lean
replay	Run actions/checkout@11d5960a326750d5838078e36cf38b85af677262	2026-10-05T05:16:06.4566449Z   token: ***
replay	Run actions/checkout@11d5960a326750d5838078e36cf38b85af677262	2026-10-05T05:16:06.4566900Z   ssh-strict: true
replay	Run actions/checkout@11d5960a326750d5838078e36cf38b85af677262	2026-10-05T05:16:06.4567357Z   ssh-user: git
replay	Run actions/checkout@11d5960a326750d5838078e36cf38b85af677262	2026-10-05T05:16:06.4567820Z   persist-credentials: true
replay	Run actions/checkout@11d5960a326750d5838078e36cf38b85af677262	2026-10-05T05:16:06.4568313Z   clean: true
replay	Run actions/checkout@11d5960a326750d5838078e36cf38b85af677262	2026-10-05T05:16:06.4568776Z   sparse-checkout-cone-mode: true
replay	Run actions/checkout@11d5960a326750d5838078e36cf38b85af677262	2026-10-05T05:16:06.4569303Z   fetch-depth: 1
replay	Run actions/checkout@11d5960a326750d5838078e36cf38b85af677262	2026-10-05T05:16:06.4569745Z   fetch-tags: false
replay	Run actions/checkout@11d5960a326750d5838078e36cf38b85af677262	2026-10-05T05:16:06.4570200Z   show-progress: true
replay	Run actions/checkout@11d5960a326750d5838078e36cf38b85af677262	2026-10-05T05:16:06.4570658Z   lfs: false
replay	Run actions/checkout@11d5960a326750d5838078e36cf38b85af677262	2026-10-05T05:16:06.4571089Z   submodules: false
replay	Run actions/checkout@11d5960a326750d5838078e36cf38b85af677262	2026-10-05T05:16:06.4571543Z   set-safe-directory: true
replay	Run actions/checkout@11d5960a326750d5838078e36cf38b85af677262	2026-10-05T05:16:06.4572050Z   allow-unsafe-pr-checkout: false
replay	Run actions/checkout@11d5960a326750d5838078e36cf38b85af677262	2026-10-05T05:16:06.4573130Z ##[endgroup]
replay	Run actions/checkout@11d5960a326750d5838078e36cf38b85af677262	2026-10-05T05:16:06.5579574Z Syncing repository: yuhaolei-ctrl/Sharp-Beckner-Onofri-inequalities-Lean
replay	Run actions/checkout@11d5960a326750d5838078e36cf38b85af677262	2026-10-05T05:16:06.5582073Z ##[group]Getting Git version info
replay	Run actions/checkout@11d5960a326750d5838078e36cf38b85af677262	2026-10-05T05:16:06.5583583Z Working directory is '/home/runner/work/Sharp-Beckner-Onofri-inequalities-Lean/Sharp-Beckner-Onofri-inequalities-Lean'
replay	Run actions/checkout@11d5960a326750d5838078e36cf38b85af677262	2026-10-05T05:16:06.5585583Z [command]/usr/bin/git version
replay	Run actions/checkout@11d5960a326750d5838078e36cf38b85af677262	2026-10-05T05:16:06.5682930Z git version 2.55.0
replay	Run actions/checkout@11d5960a326750d5838078e36cf38b85af677262	2026-10-05T05:16:06.5711505Z ##[endgroup]
replay	Run actions/checkout@11d5960a326750d5838078e36cf38b85af677262	2026-10-05T05:16:06.5729951Z Temporarily overriding HOME='/home/runner/work/_temp/e2b01e7a-f2e3-4d64-ac5c-bcd69e4d60cb' before making global git config changes
replay	Run actions/checkout@11d5960a326750d5838078e36cf38b85af677262	2026-10-05T05:16:06.5732449Z Adding repository directory to the temporary git global config as a safe directory
replay	Run actions/checkout@11d5960a326750d5838078e36cf38b85af677262	2026-10-05T05:16:06.5736595Z [command]/usr/bin/git config --global --add safe.directory /home/runner/work/Sharp-Beckner-Onofri-inequalities-Lean/Sharp-Beckner-Onofri-inequalities-Lean
replay	Run actions/checkout@11d5960a326750d5838078e36cf38b85af677262	2026-10-05T05:16:06.5801487Z Deleting the contents of '/home/runner/work/Sharp-Beckner-Onofri-inequalities-Lean/Sharp-Beckner-Onofri-inequalities-Lean'
replay	Run actions/checkout@11d5960a326750d5838078e36cf38b85af677262	2026-10-05T05:16:06.5805525Z ##[group]Initializing the repository
replay	Run actions/checkout@11d5960a326750d5838078e36cf38b85af677262	2026-10-05T05:16:06.5812948Z [command]/usr/bin/git init /home/runner/work/Sharp-Beckner-Onofri-inequalities-Lean/Sharp-Beckner-Onofri-inequalities-Lean
replay	Run actions/checkout@11d5960a326750d5838078e36cf38b85af677262	2026-10-05T05:16:06.5954967Z hint: Using 'master' as the name for the initial branch. This default branch name
replay	Run actions/checkout@11d5960a326750d5838078e36cf38b85af677262	2026-10-05T05:16:06.5956080Z hint: will change to "main" in Git 3.0. To configure the initial branch name
replay	Run actions/checkout@11d5960a326750d5838078e36cf38b85af677262	2026-10-05T05:16:06.5957558Z hint: to use in all of your new repositories, which will suppress this warning,
replay	Run actions/checkout@11d5960a326750d5838078e36cf38b85af677262	2026-10-05T05:16:06.5959006Z hint: call:
replay	Run actions/checkout@11d5960a326750d5838078e36cf38b85af677262	2026-10-05T05:16:06.5959777Z hint:
replay	Run actions/checkout@11d5960a326750d5838078e36cf38b85af677262	2026-10-05T05:16:06.5960762Z hint: 	git config --global init.defaultBranch <name>
replay	Run actions/checkout@11d5960a326750d5838078e36cf38b85af677262	2026-10-05T05:16:06.5962017Z hint:
replay	Run actions/checkout@11d5960a326750d5838078e36cf38b85af677262	2026-10-05T05:16:06.5963416Z hint: Names commonly chosen instead of 'master' are 'main', 'trunk' and
replay	Run actions/checkout@11d5960a326750d5838078e36cf38b85af677262	2026-10-05T05:16:06.5965147Z hint: 'development'. The just-created branch can be renamed via this command:
replay	Run actions/checkout@11d5960a326750d5838078e36cf38b85af677262	2026-10-05T05:16:06.5966496Z hint:
replay	Run actions/checkout@11d5960a326750d5838078e36cf38b85af677262	2026-10-05T05:16:06.5967230Z hint: 	git branch -m <name>
replay	Run actions/checkout@11d5960a326750d5838078e36cf38b85af677262	2026-10-05T05:16:06.5968036Z hint:
replay	Run actions/checkout@11d5960a326750d5838078e36cf38b85af677262	2026-10-05T05:16:06.5969187Z hint: Disable this message with "git config set advice.defaultBranchName false"
replay	Run actions/checkout@11d5960a326750d5838078e36cf38b85af677262	2026-10-05T05:16:06.5971937Z Initialized empty Git repository in /home/runner/work/Sharp-Beckner-Onofri-inequalities-Lean/Sharp-Beckner-Onofri-inequalities-Lean/.git/
replay	Run actions/checkout@11d5960a326750d5838078e36cf38b85af677262	2026-10-05T05:16:06.5976162Z [command]/usr/bin/git remote add origin https://github.com/yuhaolei-ctrl/Sharp-Beckner-Onofri-inequalities-Lean
replay	Run actions/checkout@11d5960a326750d5838078e36cf38b85af677262	2026-10-05T05:16:06.6035458Z ##[endgroup]
replay	Run actions/checkout@11d5960a326750d5838078e36cf38b85af677262	2026-10-05T05:16:06.6036795Z ##[group]Disabling automatic garbage collection
replay	Run actions/checkout@11d5960a326750d5838078e36cf38b85af677262	2026-10-05T05:16:06.6040732Z [command]/usr/bin/git config --local gc.auto 0
replay	Run actions/checkout@11d5960a326750d5838078e36cf38b85af677262	2026-10-05T05:16:06.6076363Z ##[endgroup]
replay	Run actions/checkout@11d5960a326750d5838078e36cf38b85af677262	2026-10-05T05:16:06.6077768Z ##[group]Setting up auth
replay	Run actions/checkout@11d5960a326750d5838078e36cf38b85af677262	2026-10-05T05:16:06.6085238Z [command]/usr/bin/git config --local --name-only --get-regexp core\.sshCommand
replay	Run actions/checkout@11d5960a326750d5838078e36cf38b85af677262	2026-10-05T05:16:06.6120989Z [command]/usr/bin/git submodule foreach --recursive sh -c "git config --local --name-only --get-regexp 'core\.sshCommand' && git config --local --unset-all 'core.sshCommand' || :"
replay	Run actions/checkout@11d5960a326750d5838078e36cf38b85af677262	2026-10-05T05:16:06.6556465Z [command]/usr/bin/git config --local --name-only --get-regexp http\.https\:\/\/github\.com\/\.extraheader
replay	Run actions/checkout@11d5960a326750d5838078e36cf38b85af677262	2026-10-05T05:16:06.6594211Z [command]/usr/bin/git submodule foreach --recursive sh -c "git config --local --name-only --get-regexp 'http\.https\:\/\/github\.com\/\.extraheader' && git config --local --unset-all 'http.https://github.com/.extraheader' || :"
replay	Run actions/checkout@11d5960a326750d5838078e36cf38b85af677262	2026-10-05T05:16:06.6817119Z [command]/usr/bin/git config --local --name-only --get-regexp ^includeIf\.gitdir:
replay	Run actions/checkout@11d5960a326750d5838078e36cf38b85af677262	2026-10-05T05:16:06.6852441Z [command]/usr/bin/git submodule foreach --recursive git config --local --show-origin --name-only --get-regexp remote.origin.url
replay	Run actions/checkout@11d5960a326750d5838078e36cf38b85af677262	2026-10-05T05:16:06.7076109Z [command]/usr/bin/git config --local http.https://github.com/.extraheader AUTHORIZATION: basic ***
replay	Run actions/checkout@11d5960a326750d5838078e36cf38b85af677262	2026-10-05T05:16:06.7115812Z ##[endgroup]
replay	Run actions/checkout@11d5960a326750d5838078e36cf38b85af677262	2026-10-05T05:16:06.7116757Z ##[group]Fetching the repository
replay	Run actions/checkout@11d5960a326750d5838078e36cf38b85af677262	2026-10-05T05:16:06.7125846Z [command]/usr/bin/git -c protocol.version=2 fetch --no-tags --prune --no-recurse-submodules --depth=1 origin +716345bfb747499ad6ba482b49adad377e775195:refs/remotes/origin/main
replay	Run actions/checkout@11d5960a326750d5838078e36cf38b85af677262	2026-10-05T05:16:07.9877030Z From https://github.com/yuhaolei-ctrl/Sharp-Beckner-Onofri-inequalities-Lean
replay	Run actions/checkout@11d5960a326750d5838078e36cf38b85af677262	2026-10-05T05:16:07.9879447Z  * [new ref]         716345bfb747499ad6ba482b49adad377e775195 -> origin/main
replay	Run actions/checkout@11d5960a326750d5838078e36cf38b85af677262	2026-10-05T05:16:07.9914526Z ##[endgroup]
replay	Run actions/checkout@11d5960a326750d5838078e36cf38b85af677262	2026-10-05T05:16:07.9915983Z ##[group]Determining the checkout info
replay	Run actions/checkout@11d5960a326750d5838078e36cf38b85af677262	2026-10-05T05:16:07.9917259Z ##[endgroup]
replay	Run actions/checkout@11d5960a326750d5838078e36cf38b85af677262	2026-10-05T05:16:07.9917835Z [command]/usr/bin/git sparse-checkout disable
replay	Run actions/checkout@11d5960a326750d5838078e36cf38b85af677262	2026-10-05T05:16:07.9950923Z [command]/usr/bin/git config --local --unset-all extensions.worktreeConfig
replay	Run actions/checkout@11d5960a326750d5838078e36cf38b85af677262	2026-10-05T05:16:07.9985853Z ##[group]Checking out the ref
replay	Run actions/checkout@11d5960a326750d5838078e36cf38b85af677262	2026-10-05T05:16:07.9989222Z [command]/usr/bin/git checkout --progress --force -B main refs/remotes/origin/main
replay	Run actions/checkout@11d5960a326750d5838078e36cf38b85af677262	2026-10-05T05:16:08.5885530Z Switched to a new branch 'main'
replay	Run actions/checkout@11d5960a326750d5838078e36cf38b85af677262	2026-10-05T05:16:08.5891756Z branch 'main' set up to track 'origin/main'.
replay	Run actions/checkout@11d5960a326750d5838078e36cf38b85af677262	2026-10-05T05:16:08.5927446Z ##[endgroup]
replay	Run actions/checkout@11d5960a326750d5838078e36cf38b85af677262	2026-10-05T05:16:08.5975390Z [command]/usr/bin/git log -1 --format=%H
replay	Run actions/checkout@11d5960a326750d5838078e36cf38b85af677262	2026-10-05T05:16:08.6002019Z 716345bfb747499ad6ba482b49adad377e775195
replay	Download and validate the exact exports	﻿2026-10-05T05:16:08.6235760Z ##[group]Run set -o pipefail
replay	Download and validate the exact exports	2026-10-05T05:16:08.6236418Z ^[[36;1mset -o pipefail^[[0m
replay	Download and validate the exact exports	2026-10-05T05:16:08.6236931Z ^[[36;1mmkdir -p external-check^[[0m
replay	Download and validate the exact exports	2026-10-05T05:16:08.6238124Z ^[[36;1mgh release download "$CERT_RELEASE" --pattern solution.ndjson.gz --pattern certificate-export.json --pattern challenge.ndjson.gz --pattern challenge-export.json --dir external-check^[[0m
replay	Download and validate the exact exports	2026-10-05T05:16:08.6239510Z ^[[36;1mpython3 scripts/prepare_external_check.py | tee external-check/identity.log^[[0m
replay	Download and validate the exact exports	2026-10-05T05:16:08.6240469Z ^[[36;1mpython3 scripts/prepare_comparator_replay.py | tee external-check/comparator-identity.log^[[0m
replay	Download and validate the exact exports	2026-10-05T05:16:08.6532298Z shell: /usr/bin/bash -e {0}
replay	Download and validate the exact exports	2026-10-05T05:16:08.6533216Z env:
replay	Download and validate the exact exports	2026-10-05T05:16:08.6536806Z   GH_TOKEN: ***
replay	Download and validate the exact exports	2026-10-05T05:16:08.6537426Z   GH_REPO: yuhaolei-ctrl/Sharp-Beckner-Onofri-inequalities-Lean
replay	Download and validate the exact exports	2026-10-05T05:16:08.6538083Z   CERT_RELEASE: certificate-20261005-d561980
replay	Download and validate the exact exports	2026-10-05T05:16:08.6538620Z ##[endgroup]
replay	Download and validate the exact exports	2026-10-05T05:16:39.6387143Z {
replay	Download and validate the exact exports	2026-10-05T05:16:39.6388711Z   "validated_export_sha256": "5c49eb455c7e931ada9e86dc1852612dac7c02f3ddb3430ba6a70133b76aec76",
replay	Download and validate the exact exports	2026-10-05T05:16:39.6390203Z   "source_commit": "d561980e2b10e1c431e1a1656a025bd41e7270dd",
replay	Download and validate the exact exports	2026-10-05T05:16:39.6391175Z   "target_count": 269,
replay	Download and validate the exact exports	2026-10-05T05:16:39.6392247Z   "source_manifest_sha256": "f7f23b1a9a2aeaafbbc61b1fa7e430fe0eb43ab3416413026df975a41fe71ff2"
replay	Download and validate the exact exports	2026-10-05T05:16:39.6393616Z }
replay	Download and validate the exact exports	2026-10-05T05:16:39.8179328Z Cloning into '/home/runner/work/Sharp-Beckner-Onofri-inequalities-Lean/Sharp-Beckner-Onofri-inequalities-Lean/.tools/comparator'...
replay	Download and validate the exact exports	2026-10-05T05:16:40.1917568Z HEAD is now at 07bc4ea chore: bump toolchain to v4.32.0 (#56)
replay	Download and validate the exact exports	2026-10-05T05:16:40.1977722Z Cloning into '/home/runner/work/Sharp-Beckner-Onofri-inequalities-Lean/Sharp-Beckner-Onofri-inequalities-Lean/.tools/comparator/.lake/packages/lean4export'...
replay	Download and validate the exact exports	2026-10-05T05:16:40.7720154Z HEAD is now at 4e79152 chore: bump toolchain to v4.32.0 (#41)
replay	Download and validate the exact exports	2026-10-05T05:16:40.7775835Z Cloning into '/home/runner/work/Sharp-Beckner-Onofri-inequalities-Lean/Sharp-Beckner-Onofri-inequalities-Lean/.tools/comparator/.lake/packages/Lean4Checker'...
replay	Download and validate the exact exports	2026-10-05T05:16:41.1983679Z HEAD is now at b739819 Merge pull request #79 from leanprover/fix-quot-eq-dependency
replay	Download and validate the exact exports	2026-10-05T05:16:42.0339792Z {
replay	Download and validate the exact exports	2026-10-05T05:16:42.0340816Z   "comparator_revision": "07bc4ea40f2266dcb861820a2ec1fa3244ed307f",
replay	Download and validate the exact exports	2026-10-05T05:16:42.0341580Z   "dependencies": {
replay	Download and validate the exact exports	2026-10-05T05:16:42.0342158Z     "lean4export": "4e7915201d3f9f04470d9eae002fa695f7cdc589",
replay	Download and validate the exact exports	2026-10-05T05:16:42.0343447Z     "Lean4Checker": "b7398199245524275543dec6113229c9bb4902e5"
replay	Download and validate the exact exports	2026-10-05T05:16:42.0344188Z   },
replay	Download and validate the exact exports	2026-10-05T05:16:42.0345104Z   "challenge_export_sha256": "9a64bdde552e8a986bf892961d6207dac1ab6a5ab4008f62076f87a97e0464d1",
replay	Download and validate the exact exports	2026-10-05T05:16:42.0346387Z   "solution_export_sha256": "5c49eb455c7e931ada9e86dc1852612dac7c02f3ddb3430ba6a70133b76aec76",
replay	Download and validate the exact exports	2026-10-05T05:16:42.0347329Z   "registered_targets": 269
replay	Download and validate the exact exports	2026-10-05T05:16:42.0347844Z }
replay	Install official pinned Lean and build replay driver	﻿2026-10-05T05:16:42.0444683Z ##[group]Run curl -fL --retry 3 https://github.com/leanprover/lean4/releases/download/v4.32.0/lean-4.32.0-linux.tar.zst -o /tmp/lean.tar.zst
replay	Install official pinned Lean and build replay driver	2026-10-05T05:16:42.0445758Z ^[[36;1mcurl -fL --retry 3 https://github.com/leanprover/lean4/releases/download/v4.32.0/lean-4.32.0-linux.tar.zst -o /tmp/lean.tar.zst^[[0m
replay	Install official pinned Lean and build replay driver	2026-10-05T05:16:42.0446643Z ^[[36;1mecho 'fca846f3588724a38ad19ee40292c67cb7438d7555903372e3308eef795ba516  /tmp/lean.tar.zst' | sha256sum -c -^[[0m
replay	Install official pinned Lean and build replay driver	2026-10-05T05:16:42.0447191Z ^[[36;1mmkdir -p .tools/lean^[[0m
replay	Install official pinned Lean and build replay driver	2026-10-05T05:16:42.0447576Z ^[[36;1mtar --zstd -xf /tmp/lean.tar.zst --strip-components=1 -C .tools/lean^[[0m
replay	Install official pinned Lean and build replay driver	2026-10-05T05:16:42.0448001Z ^[[36;1mexport PATH="$PWD/.tools/lean/bin:$PATH"^[[0m
replay	Install official pinned Lean and build replay driver	2026-10-05T05:16:42.0448348Z ^[[36;1mlake -d .tools/replay build replay-exports^[[0m
replay	Install official pinned Lean and build replay driver	2026-10-05T05:16:42.0448878Z ^[[36;1msha256sum .tools/replay/.lake/build/bin/replay-exports > external-check/comparator-binary.sha256^[[0m
replay	Install official pinned Lean and build replay driver	2026-10-05T05:16:42.0514959Z shell: /usr/bin/bash -e {0}
replay	Install official pinned Lean and build replay driver	2026-10-05T05:16:42.0515432Z ##[endgroup]
replay	Install official pinned Lean and build replay driver	2026-10-05T05:16:42.0685318Z   % Total    % Received % Xferd  Average Speed   Time    Time     Time  Current
replay	Install official pinned Lean and build replay driver	2026-10-05T05:16:42.0686117Z                                  Dload  Upload   Total   Spent    Left  Speed
replay	Install official pinned Lean and build replay driver	2026-10-05T05:16:42.0686493Z 
replay	Install official pinned Lean and build replay driver	2026-10-05T05:16:42.2587195Z   0     0    0     0    0     0      0      0 --:--:-- --:--:-- --:--:--     0
replay	Install official pinned Lean and build replay driver	2026-10-05T05:16:42.2588220Z   0     0    0     0    0     0      0      0 --:--:-- --:--:-- --:--:--     0
replay	Install official pinned Lean and build replay driver	2026-10-05T05:16:42.9064804Z 
replay	Install official pinned Lean and build replay driver	2026-10-05T05:16:43.9125493Z   9  533M    9 51.6M    0     0  61.6M      0  0:00:08 --:--:--  0:00:08 61.6M
replay	Install official pinned Lean and build replay driver	2026-10-05T05:16:44.9061236Z  28  533M   28  150M    0     0  81.3M      0  0:00:06  0:00:01  0:00:05 97.8M
replay	Install official pinned Lean and build replay driver	2026-10-05T05:16:45.9587458Z  43  533M   43  230M    0     0  81.0M      0  0:00:06  0:00:02  0:00:04 89.1M
replay	Install official pinned Lean and build replay driver	2026-10-05T05:16:46.9165962Z  61  533M   61  330M    0     0  84.8M      0  0:00:06  0:00:03  0:00:03 91.2M
replay	Install official pinned Lean and build replay driver	2026-10-05T05:16:47.9058150Z  78  533M   78  420M    0     0  86.6M      0  0:00:06  0:00:04  0:00:02 91.8M
replay	Install official pinned Lean and build replay driver	2026-10-05T05:16:48.1243309Z  95  533M   95  509M    0     0  87.2M      0  0:00:06  0:00:05  0:00:01 91.5M
replay	Install official pinned Lean and build replay driver	2026-10-05T05:16:48.1244298Z 100  533M  100  533M    0     0  88.0M      0  0:00:06  0:00:06 --:--:-- 91.0M
replay	Install official pinned Lean and build replay driver	2026-10-05T05:16:48.5306994Z /tmp/lean.tar.zst: OK
replay	Install official pinned Lean and build replay driver	2026-10-05T05:16:53.5670391Z info: CertificateReplay: no previous manifest, creating one from scratch
replay	Install official pinned Lean and build replay driver	2026-10-05T05:16:53.5671986Z info: toolchain not updated; already up-to-date
replay	Install official pinned Lean and build replay driver	2026-10-05T05:16:54.0745191Z ✔ [5/19] Built Comparator.Util (446ms)
replay	Install official pinned Lean and build replay driver	2026-10-05T05:16:54.4794018Z ✔ [6/19] Built Comparator.Util:c.o (396ms)
replay	Install official pinned Lean and build replay driver	2026-10-05T05:16:54.5787304Z ✔ [7/19] Built Lean4Checker.Replay (944ms)
replay	Install official pinned Lean and build replay driver	2026-10-05T05:16:55.1803770Z ✔ [8/19] Built Lean4Checker.Replay:c.o (593ms)
replay	Install official pinned Lean and build replay driver	2026-10-05T05:16:55.5814927Z ✔ [9/19] Built Export.Parse (2.0s)
replay	Install official pinned Lean and build replay driver	2026-10-05T05:16:56.1815548Z ✔ [10/19] Built Comparator.Axioms (507ms)
replay	Install official pinned Lean and build replay driver	2026-10-05T05:16:56.5834646Z ✔ [11/19] Built Comparator.Axioms:c.o (468ms)
replay	Install official pinned Lean and build replay driver	2026-10-05T05:16:56.8853949Z ✔ [12/19] Built Comparator.Compare (758ms)
replay	Install official pinned Lean and build replay driver	2026-10-05T05:16:57.2872867Z ✔ [13/19] Built Comparator (436ms)
replay	Install official pinned Lean and build replay driver	2026-10-05T05:16:57.3851119Z ✔ [14/19] Built Comparator.Compare:c.o (499ms)
replay	Install official pinned Lean and build replay driver	2026-10-05T05:16:57.4853161Z ✔ [15/19] Built Comparator:c.o (110ms)
replay	Install official pinned Lean and build replay driver	2026-10-05T05:16:57.7856928Z ✔ [16/19] Built ReplayExports (466ms)
replay	Install official pinned Lean and build replay driver	2026-10-05T05:16:58.0859838Z ✔ [17/19] Built ReplayExports:c.o (280ms)
replay	Install official pinned Lean and build replay driver	2026-10-05T05:16:59.5875203Z ✔ [18/19] Built Export.Parse:c.o (3.9s)
replay	Install official pinned Lean and build replay driver	2026-10-05T05:17:00.2881985Z ✔ [19/19] Built «replay-exports»:exe (692ms)
replay	Install official pinned Lean and build replay driver	2026-10-05T05:17:00.2889382Z Build completed successfully (19 jobs).
replay	Match statements and replay the official kernel	﻿2026-10-05T05:17:00.3830931Z ##[group]Run set -o pipefail
replay	Match statements and replay the official kernel	2026-10-05T05:17:00.3831274Z ^[[36;1mset -o pipefail^[[0m
replay	Match statements and replay the official kernel	2026-10-05T05:17:00.3832070Z ^[[36;1m/usr/bin/time -v .tools/replay/.lake/build/bin/replay-exports comparator-paper2.json external-check/challenge.ndjson external-check/solution.ndjson 2>&1 | tee external-check/comparator.log^[[0m
replay	Match statements and replay the official kernel	2026-10-05T05:17:00.3833205Z ^[[36;1mpython3 - <<'PY'^[[0m
replay	Match statements and replay the official kernel	2026-10-05T05:17:00.3833475Z ^[[36;1mfrom pathlib import Path^[[0m
replay	Match statements and replay the official kernel	2026-10-05T05:17:00.3833807Z ^[[36;1mtext = Path('external-check/comparator.log').read_text()^[[0m
replay	Match statements and replay the official kernel	2026-10-05T05:17:00.3834342Z ^[[36;1massert 'Comparator accepts all registered statements and reachable definitions.' in text^[[0m
replay	Match statements and replay the official kernel	2026-10-05T05:17:00.3834876Z ^[[36;1massert 'Comparator accepts axiom dependencies.' in text^[[0m
replay	Match statements and replay the official kernel	2026-10-05T05:17:00.3835298Z ^[[36;1massert 'Lean default kernel accepts the solution' in text^[[0m
replay	Match statements and replay the official kernel	2026-10-05T05:17:00.3835671Z ^[[36;1massert 'Your solution is okay!' in text^[[0m
replay	Match statements and replay the official kernel	2026-10-05T05:17:00.3835950Z ^[[36;1mPY^[[0m
replay	Match statements and replay the official kernel	2026-10-05T05:17:00.3899000Z shell: /usr/bin/bash -e {0}
replay	Match statements and replay the official kernel	2026-10-05T05:17:00.3899296Z ##[endgroup]
replay	Match statements and replay the official kernel	2026-10-05T05:17:00.4672214Z Parsing challenge export for 269 registered targets.
replay	Match statements and replay the official kernel	2026-10-05T05:17:10.5537533Z Challenge parsed: 47029 declarations.
replay	Match statements and replay the official kernel	2026-10-05T05:18:20.6586271Z Solution parsed: 1029606 declarations.
replay	Match statements and replay the official kernel	2026-10-05T05:18:23.4998476Z Comparator accepts all registered statements and reachable definitions.
replay	Match statements and replay the official kernel	2026-10-05T05:18:40.7656609Z Comparator accepts axiom dependencies.
replay	Match statements and replay the official kernel	2026-10-05T05:18:40.7657350Z Running Lean default kernel on solution.
replay	Match statements and replay the official kernel	2026-10-05T11:16:21.7532375Z ##[error]The operation was canceled.
replay	Preserve comparator evidence	﻿2026-10-05T11:16:21.7602186Z ##[group]Run actions/upload-artifact@ea165f8d65b6e75b540449e92b4886f43607fa02
replay	Preserve comparator evidence	2026-10-05T11:16:21.7602811Z with:
replay	Preserve comparator evidence	2026-10-05T11:16:21.7603019Z   name: comparator-replay-evidence
replay	Preserve comparator evidence	2026-10-05T11:16:21.7603387Z   path: external-check/*.log
replay	Preserve comparator evidence	external-check/*.json
replay	Preserve comparator evidence	external-check/*.sha256
replay	Preserve comparator evidence	
replay	Preserve comparator evidence	2026-10-05T11:16:21.7603781Z   if-no-files-found: warn
replay	Preserve comparator evidence	2026-10-05T11:16:21.7604016Z   compression-level: 6
replay	Preserve comparator evidence	2026-10-05T11:16:21.7604227Z   overwrite: false
replay	Preserve comparator evidence	2026-10-05T11:16:21.7604434Z   include-hidden-files: false
replay	Preserve comparator evidence	2026-10-05T11:16:21.7604665Z ##[endgroup]
replay	Preserve comparator evidence	2026-10-05T11:16:21.9319887Z (node:4547) [DEP0040] DeprecationWarning: The `punycode` module is deprecated. Please use a userland alternative instead.
replay	Preserve comparator evidence	2026-10-05T11:16:21.9321122Z (Use `node --trace-deprecation ...` to show where the warning was created)
replay	Preserve comparator evidence	2026-10-05T11:16:21.9598182Z With the provided path, there will be 8 files uploaded
replay	Preserve comparator evidence	2026-10-05T11:16:21.9653246Z Artifact name is valid!
replay	Preserve comparator evidence	2026-10-05T11:16:21.9653768Z Root directory input is valid!
replay	Preserve comparator evidence	2026-10-05T11:16:22.3728742Z (node:4547) [DEP0169] DeprecationWarning: `url.parse()` behavior is not standardized and prone to errors that have security implications. Use the WHATWG URL API instead. CVEs are not issued for `url.parse()` vulnerabilities.
replay	Preserve comparator evidence	2026-10-05T11:16:22.3735756Z Beginning upload of artifact content to blob storage
replay	Preserve comparator evidence	2026-10-05T11:16:22.6667074Z Uploaded bytes 12801
replay	Preserve comparator evidence	2026-10-05T11:16:22.7439162Z Finished uploading artifact content to blob storage!
replay	Preserve comparator evidence	2026-10-05T11:16:22.7440233Z SHA256 digest of uploaded artifact zip is e4464461825be4dc22e345f0a54a95575a319b38af40d0353fb24c8144898ab9
replay	Preserve comparator evidence	2026-10-05T11:16:22.7440965Z Finalizing artifact upload
replay	Preserve comparator evidence	2026-10-05T11:16:23.0616432Z Artifact comparator-replay-evidence.zip successfully finalized. Artifact ID 11341534118
replay	Preserve comparator evidence	2026-10-05T11:16:23.0617818Z Artifact comparator-replay-evidence has been successfully uploaded! Final size is 12801 bytes. Artifact ID is 11341534118
replay	Preserve comparator evidence	2026-10-05T11:16:23.0619270Z Artifact download URL: https://github.com/yuhaolei-ctrl/Sharp-Beckner-Onofri-inequalities-Lean/actions/runs/37267009000/artifacts/11341534118
replay	Post Run actions/checkout@11d5960a326750d5838078e36cf38b85af677262	﻿2026-10-05T11:16:23.0841584Z Post job cleanup.
replay	Post Run actions/checkout@11d5960a326750d5838078e36cf38b85af677262	2026-10-05T11:16:23.1783267Z [command]/usr/bin/git version
replay	Post Run actions/checkout@11d5960a326750d5838078e36cf38b85af677262	2026-10-05T11:16:23.1783584Z git version 2.55.0
replay	Post Run actions/checkout@11d5960a326750d5838078e36cf38b85af677262	2026-10-05T11:16:23.1846666Z Temporarily overriding HOME='/home/runner/work/_temp/305a4b22-3a46-462e-82a2-4e92abf8c576' before making global git config changes
replay	Post Run actions/checkout@11d5960a326750d5838078e36cf38b85af677262	2026-10-05T11:16:23.1863226Z Adding repository directory to the temporary git global config as a safe directory
replay	Post Run actions/checkout@11d5960a326750d5838078e36cf38b85af677262	2026-10-05T11:16:23.1864529Z [command]/usr/bin/git config --global --add safe.directory /home/runner/work/Sharp-Beckner-Onofri-inequalities-Lean/Sharp-Beckner-Onofri-inequalities-Lean
replay	Post Run actions/checkout@11d5960a326750d5838078e36cf38b85af677262	2026-10-05T11:16:23.1898256Z [command]/usr/bin/git config --local --name-only --get-regexp core\.sshCommand
replay	Post Run actions/checkout@11d5960a326750d5838078e36cf38b85af677262	2026-10-05T11:16:23.1936686Z [command]/usr/bin/git submodule foreach --recursive sh -c "git config --local --name-only --get-regexp 'core\.sshCommand' && git config --local --unset-all 'core.sshCommand' || :"
replay	Post Run actions/checkout@11d5960a326750d5838078e36cf38b85af677262	2026-10-05T11:16:23.2223894Z [command]/usr/bin/git config --local --name-only --get-regexp http\.https\:\/\/github\.com\/\.extraheader
replay	Post Run actions/checkout@11d5960a326750d5838078e36cf38b85af677262	2026-10-05T11:16:23.2262103Z http.https://github.com/.extraheader
replay	Post Run actions/checkout@11d5960a326750d5838078e36cf38b85af677262	2026-10-05T11:16:23.2270194Z [command]/usr/bin/git config --local --unset-all http.https://github.com/.extraheader
replay	Post Run actions/checkout@11d5960a326750d5838078e36cf38b85af677262	2026-10-05T11:16:23.2307890Z [command]/usr/bin/git submodule foreach --recursive sh -c "git config --local --name-only --get-regexp 'http\.https\:\/\/github\.com\/\.extraheader' && git config --local --unset-all 'http.https://github.com/.extraheader' || :"
replay	Post Run actions/checkout@11d5960a326750d5838078e36cf38b85af677262	2026-10-05T11:16:23.2564335Z [command]/usr/bin/git config --local --name-only --get-regexp ^includeIf\.gitdir:
replay	Post Run actions/checkout@11d5960a326750d5838078e36cf38b85af677262	2026-10-05T11:16:23.2601818Z [command]/usr/bin/git submodule foreach --recursive git config --local --show-origin --name-only --get-regexp remote.origin.url
replay	Complete job	﻿2026-10-05T11:16:23.3121062Z Cleaning up orphan processes
replay	Complete job	2026-10-05T11:16:23.3402831Z Terminate orphan process: pid (2473) (time)
replay	Complete job	2026-10-05T11:16:23.3423950Z Terminate orphan process: pid (2474) (tee)
replay	Complete job	2026-10-05T11:16:23.3445392Z Terminate orphan process: pid (2475) (replay-exports)
replay	Complete job	2026-10-05T11:16:23.3532302Z ##[warning]Node.js 20 is deprecated. The following actions target Node.js 20 but are being forced to run on Node.js 24: actions/checkout@11d5960a326750d5838078e36cf38b85af677262, actions/upload-artifact@ea165f8d65b6e75b540449e92b4886f43607fa02. For more information see: https://github.blog/changelog/2025-09-19-deprecation-of-node-20-on-github-actions-runners/
