info: lean4export: cloning https://github.com/leanprover/lean4export
info: lean4export: checking out revision 'a3e35a584f59b390667db7269cd37fca8575e4bf'
info: batteries: cloning https://github.com/leanprover-community/batteries
info: batteries: checking out revision '76e1c118b0700b4ceafe99532e887d6431625e1a'
✔ [2/11] Built Lean4Lean.Declaration (445ms)
✔ [3/12] Built Lean4Lean.List (519ms)
✔ [4/12] Built Lean4Lean.Expr (697ms)
✔ [5/16] Built Lean4Lean.Instantiate (634ms)
✔ [6/16] Built Lean4Lean.LocalContext (512ms)
✔ [7/18] Built Batteries.Tactic.OpenPrivate (1.4s)
✔ [8/18] Built Lean4Lean.ForEachExprV (527ms)
✔ [9/20] Built Batteries.Tactic.SeqFocus (975ms)
✔ [10/22] Built Batteries.Tactic.Lint.Basic (1.3s)
✔ [11/22] Built Batteries.Util.Panic (483ms)
✔ [12/22] Built Lean4Lean.PtrEq (493ms)
✔ [13/22] Built Lean4Lean.Environment.Basic (1.6s)
✔ [14/22] Built Lean4Lean.FuelConfig (791ms)
✔ [15/31] Built Batteries.Tactic.Lint.Misc (1.1s)
✔ [16/31] Built Lean4Lean.Quot (1.4s)
✔ [17/31] Built Lean4Lean.Inductive.Reduce (1.0s)
✔ [21/63] Built Batteries.CodeAction.Deprecated (1.1s)
✔ [22/63] Built Lean4Lean.Declaration:c.o (267ms)
✔ [23/63] Built Lean4Lean.List:c.o (305ms)
✔ [24/63] Built Lean4Lean.Environment.Basic:c.o (824ms)
✔ [25/63] Built Lean4Lean.Level (6.8s)
✔ [26/63] Built Lean4Lean.Expr:c.o (813ms)
✔ [27/63] Built Lean4Lean.Instantiate:c.o (184ms)
✔ [28/63] Built Lean4Lean.LocalContext:c.o (164ms)
✔ [29/63] Built Batteries.Data.UnionFind.Basic (3.9s)
✔ [30/63] Built Batteries.Tactic.OpenPrivate:c.o (2.3s)
✔ [31/63] Built Lean4Lean.ForEachExprV:c.o (317ms)
✔ [32/63] Built Lean4Lean.Quot:c.o (547ms)
✔ [33/63] Built Lean4Lean.Inductive.Reduce:c.o (743ms)
✔ [34/63] Built Batteries.Util.Panic:c.o (130ms)
✔ [35/63] Built Lean4Lean.PtrEq:c.o (128ms)
✔ [36/63] Built Batteries.Tactic.SeqFocus:c.o (727ms)
✔ [37/63] Built Lean4Lean.FuelConfig:c.o (378ms)
✔ [38/63] Built Batteries.Tactic.Lint.Misc:c.o (1.2s)
✔ [39/63] Built Batteries.Tactic.Lint.Basic:c.o (1.6s)
✔ [40/63] Built Batteries.CodeAction.Deprecated:c.o (1.0s)
✔ [41/63] Built Batteries.Data.UnionFind.Basic:c.o (616ms)
✔ [42/63] Built Export.Parse (2.9s)
✔ [43/63] Built Batteries.Tactic.Alias (2.5s)
✔ [44/63] Built Lean4Lean.Level:c.o (3.8s)
✔ [45/63] Built Lean4Lean.EquivManager (3.0s)
✔ [46/63] Built Lean4Lean.EquivManager:c.o (1.0s)
✔ [47/63] Built Batteries.Tactic.Alias:c.o (4.2s)
✔ [48/63] Built Batteries.Data.List.Basic (5.4s)
✔ [49/63] Built Export.Parse:c.o (6.7s)
✔ [50/63] Built Lean4Lean.TypeChecker (6.0s)
✔ [51/63] Built Batteries.Data.List.Basic:c.o (2.7s)
✔ [52/63] Built Lean4Lean.Primitive (4.3s)
✔ [53/63] Built Lean4Lean.Inductive.Add (6.0s)
✔ [54/63] Built Lean4Lean.TypeChecker:c.o (5.9s)
✔ [55/63] Built Lean4Lean.Environment (2.6s)
✔ [56/63] Built Lean4Lean.Primitive:c.o (4.6s)
✔ [57/63] Built Lean4Lean.Environment:c.o (829ms)
✔ [58/63] Built Lean4Lean.Inductive.Add:c.o (4.6s)
✔ [59/63] Built Lean4Lean.Replay (2.4s)
✔ [60/63] Built Main (1.2s)
✔ [61/63] Built Lean4Lean.Replay:c.o (1.2s)
✔ [62/63] Built Main:c.o (530ms)
✔ [63/63] Built lean4lean:exe (966ms)
Build completed successfully (63 jobs).
