con-ron: parse done: 1027308 fold records — the file's 1027308, 0 built-in prelude records synthesised; store 30321498 expression, 3213 level, 1503793 name nodes t=9.376s (parse 9.376s)
con-ron: install 0/1027308 inductive Eq t=9.391s
con-ron: install 10000/1027308 theorem abs_le' t=9.620s
con-ron: install 20000/1027308 def _private.Mathlib.Tactic.NormNum.Result.0.Mathlib.Meta.NormNum.IsInt.to_isNat.match_1_1 t=9.766s
con-ron: install 30000/1027308 theorem _private.Mathlib.Topology.UniformSpace.LocallyUniformConvergence.0.tendstoLocallyUniformlyOn_iff_forall_tendsto._simp_1_2 t=10.006s
con-ron: install 40000/1027308 theorem MulOpposite.instDistrib._proof_2 t=10.226s
con-ron: install 50000/1027308 theorem _private.Mathlib.MeasureTheory.Covering.Besicovitch.0.Besicovitch.exist_disjoint_covering_families._simp_1_1 t=10.516s
con-ron: install 60000/1027308 theorem forall_self_imp._simp_1 t=10.757s
con-ron: install 70000/1027308 def BecknerOnofri.HighDim.EntropyTail.HeatCertificate.Panels0007.e001889 t=10.828s
con-ron: install 80000/1027308 def BecknerOnofri.HighDim.EntropyTail.HeatCertificate.Panels0017.e004553 t=10.868s
con-ron: install 90000/1027308 def BecknerOnofri.HighDim.EntropyTail.HeatCertificate.Panels0026.e006711 t=10.904s
con-ron: install 100000/1027308 def BecknerOnofri.HighDim.EntropyTail.HeatCertificate.Panels0036.e009361 t=10.943s
con-ron: install 110000/1027308 def BecknerOnofri.HighDim.EntropyTail.HeatCertificate.Panels0046.e012027 t=10.978s
con-ron: install 120000/1027308 def BecknerOnofri.HighDim.EntropyTail.HeatCertificate.Panels0055.e014169 t=11.011s
con-ron: install 130000/1027308 def BecknerOnofri.HighDim.EntropyTail.HeatCertificate.Panels0065.e016833 t=11.049s
con-ron: install 140000/1027308 def BecknerOnofri.HighDim.EntropyTail.HeatCertificate.Panels0074.e018991 t=11.087s
con-ron: install 150000/1027308 def BecknerOnofri.HighDim.EntropyTail.HeatCertificate.Panels0084.e021641 t=11.127s
con-ron: install 160000/1027308 def BecknerOnofri.HighDim.EntropyTail.HeatCertificate.Panels0094.e024307 t=11.166s
con-ron: install 170000/1027308 def BecknerOnofri.HighDim.EntropyTail.HeatCertificate.Panels0103.e026449 t=11.203s
con-ron: install 180000/1027308 def BecknerOnofri.HighDim.EntropyTail.HeatCertificate.Panels0113.e029113 t=11.242s
con-ron: install 190000/1027308 def BecknerOnofri.HighDim.EntropyTail.HeatCertificate.Panels0122.e031271 t=11.280s
con-ron: install 200000/1027308 def BecknerOnofri.HighDim.EntropyTail.HeatCertificate.Panels0132.e033921 t=11.324s
con-ron: install 210000/1027308 def BecknerOnofri.HighDim.EntropyTail.HeatCertificate.Panels0142.e036587 t=11.362s
con-ron: install 220000/1027308 theorem BecknerOnofri.HighDim.EntropyTail.HeatCertificate.Panels0148.e038146._proof_3 t=11.397s
con-ron: install 230000/1027308 theorem BecknerOnofri.HighDim.EntropyTail.HeatCertificate.Panels0152.e041821._proof_3 t=11.431s
con-ron: install 240000/1027308 def BecknerOnofri.HighDim.EntropyTail.HeatCertificate.Panels0155.e043965 t=11.465s
con-ron: install 250000/1027308 theorem BecknerOnofri.HighDim.EntropyTail.HeatCertificate.Panels0158.e046111._proof_1 t=11.497s
con-ron: install 260000/1027308 theorem BecknerOnofri.HighDim.EntropyTail.HeatCertificate.Panels0161.e048205._proof_2 t=11.536s
con-ron: install 270000/1027308 theorem BecknerOnofri.HighDim.EntropyTail.HeatCertificate.Panels0165.e051882._proof_2 t=11.573s
con-ron: install 280000/1027308 theorem BecknerOnofri.HighDim.EntropyTail.HeatCertificate.Panels0168.e054024._proof_3 t=11.607s
con-ron: install 290000/1027308 def BecknerOnofri.HighDim.EntropyTail.HeatCertificate.Panels0171.e056121 t=11.641s
con-ron: install 300000/1027308 theorem BecknerOnofri.HighDim.EntropyTail.HeatCertificate.Panels0174.e058266._proof_1 t=11.675s
con-ron: install 310000/1027308 theorem BecknerOnofri.HighDim.EntropyTail.HeatCertificate.Panels0177.e060409._proof_1 t=11.708s
con-ron: install 320000/1027308 theorem BecknerOnofri.HighDim.EntropyTail.HeatCertificate.Panels0181.e064086._proof_2 t=11.742s
con-ron: install 330000/1027308 theorem BecknerOnofri.HighDim.EntropyTail.HeatCertificate.Panels0184.e066180._proof_3 t=11.776s
con-ron: install 340000/1027308 def BecknerOnofri.HighDim.EntropyTail.HeatCertificate.Panels0187.e068324 t=11.809s
con-ron: install 350000/1027308 theorem BecknerOnofri.HighDim.EntropyTail.HeatCertificate.Panels0190.e070470._proof_1 t=11.843s
con-ron: install 360000/1027308 theorem BecknerOnofri.HighDim.EntropyTail.HeatCertificate.Panels0194.e074097._proof_1 t=11.878s
con-ron: install 370000/1027308 theorem BecknerOnofri.HighDim.EntropyTail.HeatCertificate.Panels0197.e076241._proof_2 t=11.911s
con-ron: install 380000/1027308 theorem BecknerOnofri.HighDim.EntropyTail.HeatCertificate.Panels0200.e078384._proof_3 t=11.944s
con-ron: install 390000/1027308 def BecknerOnofri.HighDim.EntropyTail.HeatCertificate.Panels0203.e080480 t=11.977s
con-ron: install 400000/1027308 def BecknerOnofri.HighDim.EntropyTail.HeatCertificate.Panels0207.e084157 t=12.016s
con-ron: install 410000/1027308 theorem BecknerOnofri.HighDim.EntropyTail.HeatCertificate.Panels0210.e086301._proof_1 t=12.047s
con-ron: install 420000/1027308 theorem BecknerOnofri.HighDim.EntropyTail.HeatCertificate.Panels0213.e088445._proof_2 t=12.078s
con-ron: install 430000/1027308 theorem BecknerOnofri.HighDim.EntropyTail.HeatCertificate.Panels0216.e090539._proof_3 t=12.110s
con-ron: install 440000/1027308 def BecknerOnofri.HighDim.EntropyTail.HeatCertificate.Panels0219.e092684 t=12.140s
con-ron: install 450000/1027308 def BecknerOnofri.HighDim.EntropyTail.HeatCertificate.Panels0223.e096361 t=12.172s
con-ron: install 460000/1027308 theorem BecknerOnofri.HighDim.EntropyTail.HeatCertificate.Panels0226.e098456._proof_1 t=12.203s
con-ron: install 470000/1027308 theorem BecknerOnofri.HighDim.EntropyTail.HeatCertificate.Panels0229.e100600._proof_2 t=12.234s
con-ron: install 480000/1027308 theorem BecknerOnofri.HighDim.EntropyTail.HeatCertificate.Panels0232.e102743._proof_3 t=12.264s
con-ron: install 490000/1027308 theorem BecknerOnofri.HighDim.EntropyTail.HeatCertificate.Panels0236.e106420._proof_3 t=12.294s
con-ron: install 500000/1027308 def BecknerOnofri.HighDim.EntropyTail.HeatCertificate.Panels0239.e108516 t=12.323s
con-ron: install 510000/1027308 theorem BecknerOnofri.HighDim.EntropyTail.HeatCertificate.Panels0242.e110660._proof_1 t=12.353s
con-ron: install 520000/1027308 theorem BecknerOnofri.HighDim.EntropyTail.HeatCertificate.Segments002.Row10.b0018._proof_1 t=12.377s
con-ron: install 530000/1027308 theorem BecknerOnofri.HighDim.Spin.CandidateBatch0102.accepted1632._proof_1_1 t=12.490s
con-ron: install 540000/1027308 theorem BecknerOnofri.HighDim.Spin.IntervalBatch0075.cell1209._proof_2 t=12.568s
con-ron: install 550000/1027308 theorem BecknerOnofri.HighDim.Spin.CandidateBatch0048.candidate0770._proof_7 t=12.644s
con-ron: install 560000/1027308 theorem BecknerOnofri.HighDim.Spin.CandidateBatch0021.candidate0338._proof_8 t=12.717s
con-ron: install 570000/1027308 def BecknerOnofri.HighDim.ScalarCertificate.GammaPanel3083.wholeW1 t=12.788s
con-ron: install 580000/1027308 theorem BecknerOnofri.HighDim.ScalarCertificate.GammaPanel3049.pointW1upper._proof_1 t=12.821s
con-ron: install 590000/1027308 def BecknerOnofri.HighDim.ScalarCertificate.GammaPanel2928.whole_zu t=12.854s
con-ron: install 600000/1027308 theorem BecknerOnofri.HighDim.ScalarCertificate.GammaPanel2902.pointZ._proof_1 t=12.886s
con-ron: install 610000/1027308 theorem BecknerOnofri.HighDim.ScalarCertificate.BracketBatch0179.hi2878._proof_1 t=12.916s
con-ron: install 620000/1027308 theorem BecknerOnofri.HighDim.ScalarCertificate.GammaPanel2755.wholeBase._proof_2 t=12.948s
con-ron: install 630000/1027308 theorem BecknerOnofri.HighDim.ScalarCertificate.GammaPanel2721.pointMinus._proof_1 t=12.979s
con-ron: install 640000/1027308 theorem BecknerOnofri.HighDim.ScalarCertificate.GammaPanel2592.leftAccepted t=13.009s
con-ron: install 650000/1027308 theorem BecknerOnofri.HighDim.ScalarCertificate.GammaPanel2566.midBessels._proof_3 t=13.039s
con-ron: install 660000/1027308 def BecknerOnofri.HighDim.ScalarCertificate.GammaPanel2444.certificate t=13.070s
con-ron: install 670000/1027308 theorem BecknerOnofri.HighDim.ScalarCertificate.GammaPanel2419.whole_pl._proof_1 t=13.101s
con-ron: install 680000/1027308 def BecknerOnofri.HighDim.ScalarCertificate.GammaPanel2289.point_pu t=13.132s
con-ron: install 690000/1027308 theorem BecknerOnofri.HighDim.ScalarCertificate.BracketBatch0141.accepted2257._proof_1_1 t=13.162s
con-ron: install 700000/1027308 def BecknerOnofri.HighDim.ScalarCertificate.GammaPanel2230.wholeW2 t=13.193s
con-ron: install 710000/1027308 def BecknerOnofri.HighDim.ScalarCertificate.GammaPanel2108.pointW2lower t=13.224s
con-ron: install 720000/1027308 def BecknerOnofri.HighDim.ScalarCertificate.GammaPanel2083.rightPoint t=13.255s
con-ron: install 730000/1027308 def BecknerOnofri.HighDim.ScalarCertificate.GammaPanel1961.midPoint t=13.287s
con-ron: install 740000/1027308 def BecknerOnofri.HighDim.ScalarCertificate.BracketBatch0120.hi1929b1 t=13.317s
con-ron: install 750000/1027308 def BecknerOnofri.HighDim.ScalarCertificate.GammaPanel1894.wholeW1lower t=13.349s
con-ron: install 760000/1027308 def BecknerOnofri.HighDim.ScalarCertificate.GammaPanel1772.pointMinus t=13.380s
con-ron: install 770000/1027308 theorem BecknerOnofri.HighDim.ScalarCertificate.GammaPanel1747.rightBessels._proof_2 t=13.411s
con-ron: install 780000/1027308 def BecknerOnofri.HighDim.ScalarCertificate.GammaPanel1625.wholeW2 t=13.442s
con-ron: install 790000/1027308 theorem BecknerOnofri.HighDim.ScalarCertificate.MinorantBatch0199.accepted1599._proof_1_1 t=13.493s
con-ron: install 800000/1027308 theorem BecknerOnofri.HighDim.ScalarCertificate.GammaPanel1462.wholePlus._proof_1 t=13.524s
con-ron: install 810000/1027308 def BecknerOnofri.HighDim.ScalarCertificate.GammaPanel1436.point_pl t=13.554s
con-ron: install 820000/1027308 theorem BecknerOnofri.HighDim.ScalarCertificate.BracketBatch0082.accepted1316._proof_1_1 t=13.584s
con-ron: install 830000/1027308 def BecknerOnofri.HighDim.ScalarCertificate.GammaPanel1289.wholeW1lower t=13.614s
con-ron: install 840000/1027308 theorem BecknerOnofri.HighDim.ScalarCertificate.BracketBatch0073.lo1168._proof_2 t=13.644s
con-ron: install 850000/1027308 def BecknerOnofri.HighDim.ScalarCertificate.GammaPanel1134.wholeH t=13.674s
con-ron: install 860000/1027308 def BecknerOnofri.HighDim.ScalarCertificate.GammaPanel1100.pointH t=13.705s
con-ron: install 870000/1027308 theorem BecknerOnofri.HighDim.ScalarCertificate.BracketBatch0061.lo0980b1._proof_1 t=13.735s
con-ron: install 880000/1027308 theorem BecknerOnofri.HighDim.ScalarCertificate.GammaPanel0953.wholePlus._proof_1 t=13.766s
con-ron: install 890000/1027308 def BecknerOnofri.HighDim.ScalarCertificate.GammaPanel0831.point_wl t=13.795s
con-ron: install 900000/1027308 def BecknerOnofri.HighDim.ScalarCertificate.GammaPanel0806.leftPoint t=13.827s
con-ron: install 910000/1027308 theorem BecknerOnofri.HighDim.ScalarCertificate.GammaPanel0772.midBessels._proof_3 t=13.858s
con-ron: install 920000/1027308 def BecknerOnofri.HighDim.ScalarCertificate.GammaPanel0642.pointData t=13.888s
con-ron: install 930000/1027308 theorem BecknerOnofri.HighDim.ScalarCertificate.GammaPanel0617.wholeZ._proof_1 t=13.919s
con-ron: install 940000/1027308 theorem BecknerOnofri.HighDim.ScalarCertificate.GammaPanel0495.point_mu._proof_1 t=13.948s
con-ron: install 950000/1027308 theorem BecknerOnofri.HighDim.ScalarCertificate.BracketBatch0029.accepted0471 t=13.979s
con-ron: install 960000/1027308 theorem BecknerOnofri.HighDim.ScalarCertificate.GammaPanel0348.whole_wu._proof_1 t=14.009s
con-ron: install 970000/1027308 theorem BecknerOnofri.HighDim.ScalarCertificate.GammaPanel0322.point_wu._proof_1 t=14.040s
con-ron: install 980000/1027308 theorem BecknerOnofri.HighDim.ScalarCertificate.GammaPanel0201.rightBessels._proof_3 t=14.071s
con-ron: install 990000/1027308 theorem BecknerOnofri.HighDim.ScalarCertificate.GammaPanel0175.point_zu._proof_1 t=14.100s
con-ron: install 1000000/1027308 theorem BecknerOnofri.HighDim.ScalarCertificate.BracketBatch0003.lo0055._proof_1 t=14.130s
con-ron: install 1010000/1027308 def BecknerOnofri.HighDim.ScalarCertificate.GammaPanel0028.wholeMinus t=14.160s
con-ron: install 1020000/1027308 theorem Legacy.BecknerOnofri.FiniteScalar.Case15.checked08._proof_1_1 t=14.348s
con-ron: install done: 1027308/1027308 declarations installed, 1026192 checks pending; store 31228414 expression (31228414 persistent), 4332 level, 1505857 name nodes t=14.740s (install 5.364s)
con-ron: check 10000/1026192 definition _private.Mathlib.Data.Nat.Cast.Defs.0.nsmul_one.match_1_1 t=15.736s
con-ron: check 20000/1026192 definition AddGroupNorm.toNormedAddGroup t=16.889s
con-ron: check 30000/1026192 theorem Set.nonempty_Ioi t=18.931s
con-ron: check 40000/1026192 theorem Finset.piecewise_univ t=21.777s
con-ron: check 50000/1026192 theorem nhds_mono t=24.889s
con-ron: check 60000/1026192 theorem List.ofFn_inj' t=50.728s
con-ron: check 70000/1026192 theorem BecknerOnofri.HighDim.EntropyTail.HeatCertificate.Panels0008.e002157._proof_2 t=113.194s
con-ron: check 80000/1026192 theorem BecknerOnofri.HighDim.EntropyTail.HeatCertificate.Panels0018.e004823._proof_2 t=183.171s
con-ron: check 90000/1026192 theorem BecknerOnofri.HighDim.EntropyTail.HeatCertificate.Panels0027.e006965._proof_2 t=248.280s
con-ron: check 100000/1026192 theorem BecknerOnofri.HighDim.EntropyTail.HeatCertificate.Panels0037.e009631._proof_2 t=318.881s
con-ron: check 110000/1026192 theorem BecknerOnofri.HighDim.EntropyTail.HeatCertificate.Panels0047.e012281._proof_2 t=389.883s
con-ron: check 120000/1026192 theorem BecknerOnofri.HighDim.EntropyTail.HeatCertificate.Panels0056.e014437._proof_2 t=455.425s
con-ron: check 130000/1026192 theorem BecknerOnofri.HighDim.EntropyTail.HeatCertificate.Panels0066.e017103._proof_2 t=526.638s
con-ron: check 140000/1026192 theorem BecknerOnofri.HighDim.EntropyTail.HeatCertificate.Panels0075.e019245._proof_2 t=593.306s
con-ron: check 150000/1026192 theorem BecknerOnofri.HighDim.EntropyTail.HeatCertificate.Panels0085.e021911._proof_2 t=665.544s
con-ron: check 160000/1026192 theorem BecknerOnofri.HighDim.EntropyTail.HeatCertificate.Panels0095.e024561._proof_2 t=739.476s
con-ron: check 170000/1026192 theorem BecknerOnofri.HighDim.EntropyTail.HeatCertificate.Panels0104.e026717._proof_2 t=807.376s
con-ron: check 180000/1026192 theorem BecknerOnofri.HighDim.EntropyTail.HeatCertificate.Panels0114.e029383._proof_2 t=880.651s
con-ron: check 190000/1026192 theorem BecknerOnofri.HighDim.EntropyTail.HeatCertificate.Panels0123.e031525._proof_2 t=948.684s
con-ron: check 200000/1026192 theorem BecknerOnofri.HighDim.EntropyTail.HeatCertificate.Panels0133.e034191._proof_2 t=1022.963s
con-ron: check 210000/1026192 theorem BecknerOnofri.HighDim.EntropyTail.HeatCertificate.Panels0143.e036841._proof_2 t=1097.605s
con-ron: check 220000/1026192 definition BecknerOnofri.HighDim.EntropyTail.HeatCertificate.Panels0149.e039455 t=1163.099s
con-ron: check 230000/1026192 theorem BecknerOnofri.HighDim.EntropyTail.HeatCertificate.Panels0152.e041598._proof_1 t=1228.821s
con-ron: check 240000/1026192 theorem BecknerOnofri.HighDim.EntropyTail.HeatCertificate.Panels0155.e043694._proof_2 t=1294.006s
con-ron: check 250000/1026192 theorem BecknerOnofri.HighDim.EntropyTail.HeatCertificate.Panels0158.e045839._proof_3 t=1354.807s
con-ron: check 260000/1026192 theorem BecknerOnofri.HighDim.EntropyTail.HeatCertificate.Panels0162.e049514._proof_3 t=1421.818s
con-ron: check 270000/1026192 definition BecknerOnofri.HighDim.EntropyTail.HeatCertificate.Panels0165.e051610 t=1487.315s
con-ron: check 280000/1026192 theorem BecknerOnofri.HighDim.EntropyTail.HeatCertificate.Panels0168.e053753._proof_1 t=1552.902s
con-ron: check 290000/1026192 theorem BecknerOnofri.HighDim.EntropyTail.HeatCertificate.Panels0171.e055898._proof_2 t=1614.521s
con-ron: check 300000/1026192 theorem BecknerOnofri.HighDim.EntropyTail.HeatCertificate.Panels0175.e059575._proof_2 t=1681.826s
con-ron: check 310000/1026192 theorem BecknerOnofri.HighDim.EntropyTail.HeatCertificate.Panels0178.e061669._proof_3 t=1746.730s
con-ron: check 320000/1026192 definition BecknerOnofri.HighDim.EntropyTail.HeatCertificate.Panels0181.e063814 t=1807.898s
con-ron: check 330000/1026192 theorem BecknerOnofri.HighDim.EntropyTail.HeatCertificate.Panels0184.e065957._proof_1 t=1872.839s
con-ron: check 340000/1026192 theorem BecknerOnofri.HighDim.EntropyTail.HeatCertificate.Panels0188.e069586._proof_1 t=1938.838s
con-ron: check 350000/1026192 theorem BecknerOnofri.HighDim.EntropyTail.HeatCertificate.Panels0191.e071731._proof_2 t=1999.342s
con-ron: check 360000/1026192 theorem BecknerOnofri.HighDim.EntropyTail.HeatCertificate.Panels0194.e073873._proof_3 t=2064.821s
con-ron: check 370000/1026192 definition BecknerOnofri.HighDim.EntropyTail.HeatCertificate.Panels0197.e075969 t=2129.317s
con-ron: check 380000/1026192 theorem BecknerOnofri.HighDim.EntropyTail.HeatCertificate.Panels0200.e078113._proof_1 t=2189.310s
con-ron: check 390000/1026192 theorem BecknerOnofri.HighDim.EntropyTail.HeatCertificate.Panels0204.e081790._proof_1 t=2254.550s
con-ron: check 400000/1026192 theorem BecknerOnofri.HighDim.EntropyTail.HeatCertificate.Panels0207.e083934._proof_2 t=2318.983s
con-ron: check 410000/1026192 theorem BecknerOnofri.HighDim.EntropyTail.HeatCertificate.Panels0210.e086029._proof_3 t=2379.623s
con-ron: check 420000/1026192 definition BecknerOnofri.HighDim.EntropyTail.HeatCertificate.Panels0213.e088173 t=2444.383s
con-ron: check 430000/1026192 definition BecknerOnofri.HighDim.EntropyTail.HeatCertificate.Panels0217.e091848 t=2509.608s
con-ron: check 440000/1026192 theorem BecknerOnofri.HighDim.EntropyTail.HeatCertificate.Panels0220.e093945._proof_1 t=2572.613s
con-ron: check 450000/1026192 theorem BecknerOnofri.HighDim.EntropyTail.HeatCertificate.Panels0223.e096090._proof_2 t=2631.697s
con-ron: check 460000/1026192 theorem BecknerOnofri.HighDim.EntropyTail.HeatCertificate.Panels0226.e098232._proof_3 t=2695.103s
con-ron: check 470000/1026192 theorem BecknerOnofri.HighDim.EntropyTail.HeatCertificate.Panels0229.e100329._proof_3 t=2754.067s
con-ron: check 480000/1026192 definition BecknerOnofri.HighDim.EntropyTail.HeatCertificate.Panels0233.e104004 t=2818.316s
con-ron: check 490000/1026192 theorem BecknerOnofri.HighDim.EntropyTail.HeatCertificate.Panels0236.e106149._proof_1 t=2881.722s
con-ron: check 500000/1026192 theorem BecknerOnofri.HighDim.EntropyTail.HeatCertificate.Panels0239.e108293._proof_2 t=2943.952s
con-ron: check 510000/1026192 theorem BecknerOnofri.HighDim.EntropyTail.HeatCertificate.Panels0242.e110388._proof_3 t=3002.052s
con-ron: check 520000/1026192 theorem BecknerOnofri.HighDim.EntropyTail.HeatCertificate.Segments015.Row11.weight_checked._proof_1_1 t=3030.376s
con-ron: check 530000/1026192 theorem BecknerOnofri.HighDim.Spin.CandidateBatch0093.candidate1501._proof_3 t=3499.846s
con-ron: check 540000/1026192 theorem BecknerOnofri.HighDim.Spin.IntervalBatch0070.intervalAccepted1125 t=4009.397s
con-ron: check 550000/1026192 theorem BecknerOnofri.HighDim.Spin.CandidateBatch0043.candidate0688._proof_7 t=4499.801s
con-ron: check 560000/1026192 theorem BecknerOnofri.HighDim.Spin.CandidateBatch0015.candidate0254._proof_13 t=4990.181s
con-ron: check 570000/1026192 definition BecknerOnofri.HighDim.ScalarCertificate.GammaPanel3090.pointW2lower t=5450.037s
con-ron: check 580000/1026192 theorem BecknerOnofri.HighDim.ScalarCertificate.GammaPanel3057.whole_zl._proof_1 t=5757.071s
